Microchip MPLAB XC8 Compiler V2.32

Linker command line:

-W-3 --edf=C:\Program Files\Microchip\xc8\v2.32\pic\dat\en_msgs.txt -cn \
  -h+dist/default/debug\PIC16f18877_v6.1.X.debug.sym \
  --cmf=dist/default/debug\PIC16f18877_v6.1.X.debug.cmf -z -Q16F18877 \
  -oC:\Users\user\AppData\Local\Temp\xcAsj0k.4 --defsym=__MPLAB_BUILD=1 \
  -Mdist/default/debug/PIC16f18877_v6.1.X.debug.map -E1 -ver=XC8 Compiler \
  --acfsm=1493 -ASTACK=020C9h-02FEFh -pstack=STACK -ACODE=00h-07FFhx16 \
  -ASTRCODE=00h-07FFFh -ASTRING=00h-0FFhx128 -ACONST=00h-0FFhx128 \
  -AENTRY=00h-0FFhx128 -ACOMMON=070h-07Fh -ABANK0=020h-06Fh \
  -ABANK1=0A0h-0EFh -ABANK2=0120h-016Fh -ABANK3=01A0h-01EFh \
  -ABANK4=0220h-026Fh -ABANK5=02A0h-02EFh -ABANK6=0320h-036Fh \
  -ABANK7=03A0h-03EFh -ABANK8=0420h-046Fh -ABANK9=04A0h-04EFh \
  -ABANK10=0520h-056Fh -ABANK11=05A0h-05EFh -ABANK12=0620h-066Fh \
  -ABANK13=06A0h-06EFh -ABANK14=0720h-076Fh -ABANK15=07A0h-07EFh \
  -ABANK16=0820h-086Fh -ABANK17=08A0h-08EFh -ABANK18=0920h-096Fh \
  -ABANK19=09A0h-09EFh -ABANK20=0A20h-0A6Fh -ABANK21=0AA0h-0AEFh \
  -ABANK22=0B20h-0B6Fh -ABANK23=0BA0h-0BEFh -ABANK24=0C20h-0C6Fh \
  -ABANK25=0CA0h-0CEFh -ABANK26=0D20h-0D6Fh -ABANK27=0DA0h-0DEFh \
  -ABANK28=0E20h-0E6Fh -ABANK29=0EA0h-0EEFh -ABANK30=0F20h-0F6Fh \
  -ABANK31=0FA0h-0FEFh -ABANK32=01020h-0106Fh -ABANK33=010A0h-010EFh \
  -ABANK34=01120h-0116Fh -ABANK35=011A0h-011EFh -ABANK36=01220h-0126Fh \
  -ABANK37=012A0h-012EFh -ABANK38=01320h-0136Fh -ABANK39=013A0h-013EFh \
  -ABANK40=01420h-0146Fh -ABANK41=014A0h-014EFh -ABANK42=01520h-0156Fh \
  -ABANK43=015A0h-015EFh -ABANK44=01620h-0166Fh -ABANK45=016A0h-016EFh \
  -ABANK46=01720h-0176Fh -ABANK47=017A0h-017EFh -ABANK48=01820h-0186Fh \
  -ABANK49=018A0h-018EFh -ABANK50=01920h-0196Fh -ABIGRAM=02000h-02FEFh \
  -ARAM=020h-06Fh,0A0h-0EFh,0120h-016Fh,01A0h-01EFh,0220h-026Fh,02A0h-02EFh,0320h-036Fh,03A0h-03EFh,0420h-046Fh,04A0h-04EFh,0520h-056Fh,05A0h-05EFh,0620h-066Fh,06A0h-06EFh,0720h-076Fh,07A0h-07EFh,0820h-086Fh,08A0h-08EFh,0920h-096Fh,09A0h-09EFh,0A20h-0A6Fh,0AA0h-0AEFh,0B20h-0B6Fh,0BA0h-0BEFh,0C20h-0C6Fh,0CA0h-0CEFh,0D20h-0D6Fh,0DA0h-0DEFh,0E20h-0E6Fh,0EA0h-0EEFh,0F20h-0F6Fh,0FA0h-0FEFh,01020h-0106Fh,010A0h-010EFh,01120h-0116Fh,011A0h-011EFh,01220h-0126Fh,012A0h-012EFh,01320h-0136Fh,013A0h-013EFh,01420h-0146Fh,014A0h-014EFh,01520h-0156Fh,015A0h-015EFh,01620h-0166Fh,016A0h-016EFh,01720h-0176Fh,017A0h-017EFh,01820h-0186Fh,018A0h-018EFh,01920h-0196Fh \
  -AABS1=020h-07Fh,0A0h-0EFh,0120h-016Fh,01A0h-01EFh,0220h-026Fh,02A0h-02EFh,0320h-036Fh,03A0h-03EFh,0420h-046Fh,04A0h-04EFh,0520h-056Fh,05A0h-05EFh,0620h-066Fh,06A0h-06EFh,0720h-076Fh,07A0h-07EFh,0820h-086Fh,08A0h-08EFh,0920h-096Fh,09A0h-09EFh,0A20h-0A6Fh,0AA0h-0AEFh,0B20h-0B6Fh,0BA0h-0BEFh,0C20h-0C6Fh,0CA0h-0CEFh,0D20h-0D6Fh,0DA0h-0DEFh,0E20h-0E6Fh,0EA0h-0EEFh,0F20h-0F6Fh,0FA0h-0FEFh,01020h-0106Fh,010A0h-010EFh,01120h-0116Fh,011A0h-011EFh,01220h-0126Fh,012A0h-012EFh,01320h-0136Fh,013A0h-013EFh,01420h-0146Fh,014A0h-014EFh,01520h-0156Fh,015A0h-015EFh,01620h-0166Fh,016A0h-016EFh,01720h-0176Fh,017A0h-017EFh,01820h-0186Fh,018A0h-018EFh,01920h-0196Fh \
  -ASFR0=00h-01Fh -ASFR1=080h-09Fh -ASFR2=0100h-011Fh -ASFR3=0180h-019Fh \
  -ASFR4=0200h-021Fh -ASFR5=0280h-029Fh -ASFR6=0300h-031Fh \
  -ASFR7=0380h-039Fh -ASFR8=0400h-041Fh -ASFR9=0480h-049Fh \
  -ASFR10=0500h-051Fh -ASFR11=0580h-059Fh -ASFR12=0600h-061Fh \
  -ASFR13=0680h-069Fh -ASFR14=0700h-071Fh -ASFR15=0780h-079Fh \
  -ASFR16=0800h-081Fh -ASFR17=0880h-089Fh -ASFR18=0900h-091Fh \
  -ASFR19=0980h-099Fh -ASFR20=0A00h-0A1Fh -ASFR21=0A80h-0A9Fh \
  -ASFR22=0B00h-0B1Fh -ASFR23=0B80h-0B9Fh -ASFR24=0C00h-0C1Fh \
  -ASFR25=0C80h-0C9Fh -ASFR26=0D00h-0D1Fh -ASFR27=0D80h-0D9Fh \
  -ASFR28=0E00h-0E1Fh -ASFR29=0E80h-0E9Fh -ASFR30=0F00h-0F1Fh \
  -ASFR31=0F80h-0F9Fh -ASFR32=01000h-0101Fh -ASFR33=01080h-0109Fh \
  -ASFR34=01100h-0111Fh -ASFR35=01180h-0119Fh -ASFR36=01200h-0121Fh \
  -ASFR37=01280h-0129Fh -ASFR38=01300h-0131Fh -ASFR39=01380h-0139Fh \
  -ASFR40=01400h-0141Fh -ASFR41=01480h-0149Fh -ASFR42=01500h-0151Fh \
  -ASFR43=01580h-0159Fh -ASFR44=01600h-0161Fh -ASFR45=01680h-0169Fh \
  -ASFR46=01700h-0171Fh -ASFR47=01780h-0179Fh -ASFR48=01800h-0181Fh \
  -ASFR49=01880h-0189Fh -ASFR50=01900h-0191Fh -ASFR51=01980h-019EFh \
  -ASFR52=01A00h-01A6Fh -ASFR53=01A80h-01AEFh -ASFR54=01B00h-01B6Fh \
  -ASFR55=01B80h-01BEFh -ASFR56=01C00h-01C6Fh -ASFR57=01C80h-01CEFh \
  -ASFR58=01D00h-01D6Fh -ASFR59=01D80h-01DEFh -ASFR60=01E00h-01E6Fh \
  -ASFR61=01E80h-01EEFh -ASFR62=01F00h-01F6Fh -ASFR63=01F80h-01FEFh \
  -ACONFIG=08007h-0800Bh -DCONFIG=2 -AIDLOC=08000h-08003h -DIDLOC=2 \
  -AEEDATA=00h-0FFh/0F000h -peeprom_data=EEDATA -DEEDATA=2 -DCODE=2 \
  -DSTRCODE=2 -DSTRING=2 -DCONST=2 -DENTRY=2 \
  -preset_vec=00h,intentry,init,end_init -ppowerup=CODE -pcinit=CODE \
  -pfunctab=ENTRY -k C:\Users\user\AppData\Local\Temp\xcAsj0k.o \
  dist/default/debug\PIC16f18877_v6.1.X.debug.o 

Object code version is 3.11

Machine type is 16F18877



                Name                               Link     Load   Length Selector   Space Scale
C:\Users\user\AppData\Local\Temp\xcAsj0k.o
                end_init                              3        3        2        0       0
                reset_vec                             0        0        3        0       0
                config                             8007     8007        5        0       4
                idloc                              8000     8000        4        0       5
dist/default/debug\PIC16f18877_v6.1.X.debug.o
                cinit                               7E8      7E8       18      FD0       0
                config                             8007     8007        5        0       4
                idloc                              8000     8000        4        0       5
                text27                               32       32        F       64       0
                text26                              FF1      FF1        7     1FE2       0
                text25                               41       41       17       82       0
                text24                              FDF      FDF        6     1FBE       0
                text23                              FE5      FE5        6     1FCA       0
                text22                              FF8      FF8        8     1FF0       0
                text21                              2A3      2A3       7B      546       0
                text20                              22A      22A       79      454       0
                text19                              575      575      101      AEA       0
                text18                              48B      48B       EA      916       0
                text17                               58       58       1A       B0       0
                text16                              FDA      FDA        1     1FB4       0
                text15                              127      127       4F      24E       0
                text14                               CD       CD       29      19A       0
                text13                               72       72       1A       E4       0
                text12                              176      176       59      2EC       0
                text11                              676      676      172      CEC       0
                text10                              3AE      3AE       DD      75C       0
                text9                                F6       F6       31      1EC       0
                text8                                A9       A9       24      152       0
                text7                                25       25        D       4A       0
                text6                               FDC      FDC        3     1FB8       0
                text5                               1CF      1CF       5B      39E       0
                text4                                 5        5        A        0       0
                text3                                 F        F        A       1E       0
                text2                                8C       8C       1D      118       0
                text1                                19       19        C       32       0
                maintext                            31E      31E       90      63C       0
                cstackBANK0                          20       20       50       20       1
                cstackCOMMON                         70       70        E       70       1
                cstackBANK1                          A0       A0       44       A0       1
                clrtext                             FEB      FEB        6     1FD6       0
                dataBANK2                           148      148        1      120       1
                bssBANK2                            120      120       28      120       1
                bssBANK1                             E4       E4        B       A0       1
                stringtext18                       100E     100E        7     2000       0
                stringtext17                       1007     1007        7     2000       0
                stringtext16                       1000     1000        7     2000       0
                stringtext15                        9BC      9BC        8     1000       0
                stringtext14                        9B2      9B2        A     1000       0
                stringtext13                        9A1      9A1       11     1000       0
                stringtext12                        98F      98F       12     1000       0
                stringtext11                        978      978       17     1000       0
                stringtext10                        955      955       23     1000       0
                stringtext9                         931      931       24     1000       0
                stringtext8                         90D      90D       24     1000       0
                stringtext7                         8E8      8E8       25     1000       0
                stringtext6                         8C3      8C3       25     1000       0
                stringtext5                         89E      89E       25     1000       0
                stringtext4                         878      878       26     1000       0
                stringtext3                         852      852       26     1000       0
                stringtext2                         82C      82C       26     1000       0
                stringtext1                         800      800       2C     1000       0
                nvBANK1                              EF       EF        1       A0       1
                idataBANK2                          FDB      FDB        1     1FB6       0

TOTAL           Name                               Link     Load   Length     Space
        CLASS   STACK          

        CLASS   CODE           
                end_init                              3        3        2         0
                cinit                               7E8      7E8       18         0
                reset_vec                             0        0        3         0
                text27                               32       32        F         0
                text26                              FF1      FF1        7         0
                text25                               41       41       17         0
                text24                              FDF      FDF        6         0
                text23                              FE5      FE5        6         0
                text22                              FF8      FF8        8         0
                text21                              2A3      2A3       7B         0
                text20                              22A      22A       79         0
                text19                              575      575      101         0
                text18                              48B      48B       EA         0
                text17                               58       58       1A         0
                text16                              FDA      FDA        1         0
                text15                              127      127       4F         0
                text14                               CD       CD       29         0
                text13                               72       72       1A         0
                text12                              176      176       59         0
                text11                              676      676      172         0
                text10                              3AE      3AE       DD         0
                text9                                F6       F6       31         0
                text8                                A9       A9       24         0
                text7                                25       25        D         0
                text6                               FDC      FDC        3         0
                text5                               1CF      1CF       5B         0
                text4                                 5        5        A         0
                text3                                 F        F        A         0
                text2                                8C       8C       1D         0
                text1                                19       19        C         0
                maintext                            31E      31E       90         0
                clrtext                             FEB      FEB        6         0
                idataBANK2                          FDB      FDB        1         0

        CLASS   STRCODE        
                stringtext18                       100E     100E        7         0
                stringtext17                       1007     1007        7         0
                stringtext16                       1000     1000        7         0
                stringtext15                        9BC      9BC        8         0
                stringtext14                        9B2      9B2        A         0
                stringtext13                        9A1      9A1       11         0
                stringtext12                        98F      98F       12         0
                stringtext11                        978      978       17         0
                stringtext10                        955      955       23         0
                stringtext9                         931      931       24         0
                stringtext8                         90D      90D       24         0
                stringtext7                         8E8      8E8       25         0
                stringtext6                         8C3      8C3       25         0
                stringtext5                         89E      89E       25         0
                stringtext4                         878      878       26         0
                stringtext3                         852      852       26         0
                stringtext2                         82C      82C       26         0
                stringtext1                         800      800       2C         0

        CLASS   STRING         

        CLASS   CONST          

        CLASS   ENTRY          

        CLASS   COMMON         
                cstackCOMMON                         70       70        E         1

        CLASS   BANK0          
                cstackBANK0                          20       20       50         1

        CLASS   BANK1          
                cstackBANK1                          A0       A0       44         1
                bssBANK1                             E4       E4        B         1
                nvBANK1                              EF       EF        1         1

        CLASS   BANK2          
                dataBANK2                           148      148        1         1
                bssBANK2                            120      120       28         1

        CLASS   BANK3          

        CLASS   BANK4          

        CLASS   BANK5          

        CLASS   BANK6          

        CLASS   BANK7          

        CLASS   BANK8          

        CLASS   BANK9          

        CLASS   BANK10         

        CLASS   BANK11         

        CLASS   BANK12         

        CLASS   BANK13         

        CLASS   BANK14         

        CLASS   BANK15         

        CLASS   BANK16         

        CLASS   BANK17         

        CLASS   BANK18         

        CLASS   BANK19         

        CLASS   BANK20         

        CLASS   BANK21         

        CLASS   BANK22         

        CLASS   BANK23         

        CLASS   BANK24         

        CLASS   BANK25         

        CLASS   BANK26         

        CLASS   BANK27         

        CLASS   BANK28         

        CLASS   BANK29         

        CLASS   BANK30         

        CLASS   BANK31         

        CLASS   BANK32         

        CLASS   BANK33         

        CLASS   BANK34         

        CLASS   BANK35         

        CLASS   BANK36         

        CLASS   BANK37         

        CLASS   BANK38         

        CLASS   BANK39         

        CLASS   BANK40         

        CLASS   BANK41         

        CLASS   BANK42         

        CLASS   BANK43         

        CLASS   BANK44         

        CLASS   BANK45         

        CLASS   BANK46         

        CLASS   BANK47         

        CLASS   BANK48         

        CLASS   BANK49         

        CLASS   BANK50         

        CLASS   BIGRAM         

        CLASS   RAM            

        CLASS   ABS1           
                abs_s1                               7E       7E        2         1

        CLASS   SFR0           

        CLASS   SFR1           

        CLASS   SFR2           

        CLASS   SFR3           

        CLASS   SFR4           

        CLASS   SFR5           

        CLASS   SFR6           

        CLASS   SFR7           

        CLASS   SFR8           

        CLASS   SFR9           

        CLASS   SFR10          

        CLASS   SFR11          

        CLASS   SFR12          

        CLASS   SFR13          

        CLASS   SFR14          

        CLASS   SFR15          

        CLASS   SFR16          

        CLASS   SFR17          

        CLASS   SFR18          

        CLASS   SFR19          

        CLASS   SFR20          

        CLASS   SFR21          

        CLASS   SFR22          

        CLASS   SFR23          

        CLASS   SFR24          

        CLASS   SFR25          

        CLASS   SFR26          

        CLASS   SFR27          

        CLASS   SFR28          

        CLASS   SFR29          

        CLASS   SFR30          

        CLASS   SFR31          

        CLASS   SFR32          

        CLASS   SFR33          

        CLASS   SFR34          

        CLASS   SFR35          

        CLASS   SFR36          

        CLASS   SFR37          

        CLASS   SFR38          

        CLASS   SFR39          

        CLASS   SFR40          

        CLASS   SFR41          

        CLASS   SFR42          

        CLASS   SFR43          

        CLASS   SFR44          

        CLASS   SFR45          

        CLASS   SFR46          

        CLASS   SFR47          

        CLASS   SFR48          

        CLASS   SFR49          

        CLASS   SFR50          

        CLASS   SFR51          

        CLASS   SFR52          

        CLASS   SFR53          

        CLASS   SFR54          

        CLASS   SFR55          

        CLASS   SFR56          

        CLASS   SFR57          

        CLASS   SFR58          

        CLASS   SFR59          

        CLASS   SFR60          

        CLASS   SFR61          

        CLASS   SFR62          

        CLASS   SFR63          

        CLASS   CONFIG         
                config                             8007     8007        5         4

        CLASS   IDLOC          
                idloc                              8000     8000        4         5

        CLASS   EEDATA         

        CLASS   BANK63         

        CLASS   BANK62         

        CLASS   BANK61         

        CLASS   BANK60         

        CLASS   BANK59         

        CLASS   BANK58         

        CLASS   BANK57         

        CLASS   BANK56         

        CLASS   BANK55         

        CLASS   BANK54         

        CLASS   BANK53         

        CLASS   BANK52         

        CLASS   BANK51         



SEGMENTS        Name                           Load    Length   Top    Selector   Space  Class     Delta

                reset_vec                      000000  00000F  00000F         0       0  CODE        2
                text3                          00000F  00000A  000019        1E       0  CODE        2
                cstackBANK0                    000020  000050  000070        20       1  BANK0       1
                text1                          000019  00000C  000025        32       0  CODE        2
                text7                          000025  00000D  000032        4A       0  CODE        2
                text27                         000032  00000F  000041        64       0  CODE        2
                cstackCOMMON                   000070  00000E  00007E        70       1  COMMON      1
                text25                         000041  000017  000058        82       0  CODE        2
                cstackBANK1                    0000A0  000050  0000F0        A0       1  BANK1       1
                text17                         000058  00001A  000072        B0       0  CODE        2
                text13                         000072  00001A  00008C        E4       0  CODE        2
                text2                          00008C  00001D  0000A9       118       0  CODE        2
                bssBANK2                       000120  000029  000149       120       1  BANK2       1
                text8                          0000A9  000024  0000CD       152       0  CODE        2
                text14                         0000CD  000029  0000F6       19A       0  CODE        2
                text9                          0000F6  000031  000127       1EC       0  CODE        2
                text15                         000127  00004F  000176       24E       0  CODE        2
                text12                         000176  000059  0001CF       2EC       0  CODE        2
                text5                          0001CF  00005B  00022A       39E       0  CODE        2
                text20                         00022A  000079  0002A3       454       0  CODE        2
                text21                         0002A3  00007B  00031E       546       0  CODE        2
                maintext                       00031E  000090  0003AE       63C       0  CODE        2
                text10                         0003AE  0000DD  00048B       75C       0  CODE        2
                text18                         00048B  0000EA  000575       916       0  CODE        2
                text19                         000575  000101  000676       AEA       0  CODE        2
                text11                         000676  000172  0007E8       CEC       0  CODE        2
                cinit                          0007E8  000018  000800       FD0       0  CODE        2
                stringtext1                    000800  0001C4  0009C4      1000       0  STRCODE     2
                text16                         000FDA  000001  000FDB      1FB4       0  CODE        2
                idataBANK2                     000FDB  000001  000FDC      1FB6       0  CODE        2
                text6                          000FDC  000003  000FDF      1FB8       0  CODE        2
                text24                         000FDF  000006  000FE5      1FBE       0  CODE        2
                text23                         000FE5  000006  000FEB      1FCA       0  CODE        2
                clrtext                        000FEB  000006  000FF1      1FD6       0  CODE        2
                text26                         000FF1  000007  000FF8      1FE2       0  CODE        2
                text22                         000FF8  000008  001000      1FF0       0  CODE        2
                stringtext16                   001000  000015  001015      2000       0  STRCODE     2


UNUSED ADDRESS RANGES

        Name                Unused          Largest block    Delta
        BANK10           00520-0056F              50           1
        BANK11           005A0-005EF              50           1
        BANK12           00620-0066F              50           1
        BANK13           006A0-006EF              50           1
        BANK14           00720-0076F              50           1
        BANK15           007A0-007EF              50           1
        BANK16           00820-0086F              50           1
        BANK17           008A0-008EF              50           1
        BANK18           00920-0096F              50           1
        BANK19           009A0-009EF              50           1
        BANK2            00149-0016F              27           1
        BANK20           00A20-00A6F              50           1
        BANK21           00AA0-00AEF              50           1
        BANK22           00B20-00B6F              50           1
        BANK23           00BA0-00BEF              50           1
        BANK24           00C20-00C6F              50           1
        BANK25           00CA0-00CEF              50           1
        BANK26           00D20-00D6F              50           1
        BANK27           00DA0-00DEF              50           1
        BANK28           00E20-00E6F              50           1
        BANK29           00EA0-00EEF              50           1
        BANK3            001A0-001EF              50           1
        BANK30           00F20-00F6F              50           1
        BANK31           00FA0-00FEF              50           1
        BANK32           01020-0106F              50           1
        BANK33           010A0-010EF              50           1
        BANK34           01120-0116F              50           1
        BANK35           011A0-011EF              50           1
        BANK36           01220-0126F              50           1
        BANK37           012A0-012EF              50           1
        BANK38           01320-0136F              50           1
        BANK39           013A0-013EF              50           1
        BANK4            00220-0026F              50           1
        BANK40           01420-0146F              50           1
        BANK41           014A0-014EF              50           1
        BANK42           01520-0156F              50           1
        BANK43           015A0-015EF              50           1
        BANK44           01620-0166F              50           1
        BANK45           016A0-016EF              50           1
        BANK46           01720-0176F              50           1
        BANK47           017A0-017EF              50           1
        BANK48           01820-0186F              50           1
        BANK49           018A0-018EF              50           1
        BANK5            002A0-002EF              50           1
        BANK50           01920-0196F              50           1
        BANK6            00320-0036F              50           1
        BANK7            003A0-003EF              50           1
        BANK8            00420-0046F              50           1
        BANK9            004A0-004EF              50           1
        BIGRAM           02000-02FEF             FF0           1
        CODE             009C4-00FD9             616           2
                         01015-07FFF             800
        CONST            009C4-00FD9             100           2
                         01015-07FFF             100
        EEDATA           0F000-0F0FF             100           2
        ENTRY            009C4-00FD9             100           2
                         01015-07FFF             100
        RAM              00149-0016F              27           1
                         001A0-001EF              50
                         00220-0026F              50
                         002A0-002EF              50
                         00320-0036F              50
                         003A0-003EF              50
                         00420-0046F              50
                         004A0-004EF              50
                         00520-0056F              50
                         005A0-005EF              50
                         00620-0066F              50
                         006A0-006EF              50
                         00720-0076F              50
                         007A0-007EF              50
                         00820-0086F              50
                         008A0-008EF              50
                         00920-0096F              50
                         009A0-009EF              50
                         00A20-00A6F              50
                         00AA0-00AEF              50
                         00B20-00B6F              50
                         00BA0-00BEF              50
                         00C20-00C6F              50
                         00CA0-00CEF              50
                         00D20-00D6F              50
                         00DA0-00DEF              50
                         00E20-00E6F              50
                         00EA0-00EEF              50
                         00F20-00F6F              50
                         00FA0-00FEF              50
                         01020-0106F              50
                         010A0-010EF              50
                         01120-0116F              50
                         011A0-011EF              50
                         01220-0126F              50
                         012A0-012EF              50
                         01320-0136F              50
                         013A0-013EF              50
                         01420-0146F              50
                         014A0-014EF              50
                         01520-0156F              50
                         015A0-015EF              50
                         01620-0166F              50
                         016A0-016EF              50
                         01720-0176F              50
                         017A0-017EF              50
                         01820-0186F              50
                         018A0-018EF              50
                         01920-0196F              50
        SFR0             00000-0001F              20           1
        SFR1             00080-0009F              20           1
        SFR10            00500-0051F              20           1
        SFR11            00580-0059F              20           1
        SFR12            00600-0061F              20           1
        SFR13            00680-0069F              20           1
        SFR14            00700-0071F              20           1
        SFR15            00780-0079F              20           1
        SFR16            00800-0081F              20           1
        SFR17            00880-0089F              20           1
        SFR18            00900-0091F              20           1
        SFR19            00980-0099F              20           1
        SFR2             00100-0011F              20           1
        SFR20            00A00-00A1F              20           1
        SFR21            00A80-00A9F              20           1
        SFR22            00B00-00B1F              20           1
        SFR23            00B80-00B9F              20           1
        SFR24            00C00-00C1F              20           1
        SFR25            00C80-00C9F              20           1
        SFR26            00D00-00D1F              20           1
        SFR27            00D80-00D9F              20           1
        SFR28            00E00-00E1F              20           1
        SFR29            00E80-00E9F              20           1
        SFR3             00180-0019F              20           1
        SFR30            00F00-00F1F              20           1
        SFR31            00F80-00F9F              20           1
        SFR32            01000-0101F              20           1
        SFR33            01080-0109F              20           1
        SFR34            01100-0111F              20           1
        SFR35            01180-0119F              20           1
        SFR36            01200-0121F              20           1
        SFR37            01280-0129F              20           1
        SFR38            01300-0131F              20           1
        SFR39            01380-0139F              20           1
        SFR4             00200-0021F              20           1
        SFR40            01400-0141F              20           1
        SFR41            01480-0149F              20           1
        SFR42            01500-0151F              20           1
        SFR43            01580-0159F              20           1
        SFR44            01600-0161F              20           1
        SFR45            01680-0169F              20           1
        SFR46            01700-0171F              20           1
        SFR47            01780-0179F              20           1
        SFR48            01800-0181F              20           1
        SFR49            01880-0189F              20           1
        SFR5             00280-0029F              20           1
        SFR50            01900-0191F              20           1
        SFR51            01980-019EF              70           1
        SFR52            01A00-01A6F              70           1
        SFR53            01A80-01AEF              70           1
        SFR54            01B00-01B6F              70           1
        SFR55            01B80-01BEF              70           1
        SFR56            01C00-01C6F              70           1
        SFR57            01C80-01CEF              70           1
        SFR58            01D00-01D6F              70           1
        SFR59            01D80-01DEF              70           1
        SFR6             00300-0031F              20           1
        SFR60            01E00-01E6F              70           1
        SFR61            01E80-01EEF              70           1
        SFR62            01F00-01F6F              70           1
        SFR63            01F80-01FEF              70           1
        SFR7             00380-0039F              20           1
        SFR8             00400-0041F              20           1
        SFR9             00480-0049F              20           1
        STACK            020C9-02FEF             F27           1
        STRCODE          009C4-00FD9             616           2
                         01015-07FFF            6FEB
        STRING           009C4-00FD9             100           2
                         01015-07FFF             100

                                  Symbol Table

?___aodiv                   cstackBANK0  00020
?___aomod                   cstackBANK0  00020
?_abs                       cstackCOMMON 00073
?_dtoa                      cstackBANK0  00030
?_pad                       cstackBANK0  00024
?_sprintf                   cstackBANK0  00066
?_strlen                    cstackCOMMON 00070
?_vfpfcnvrt                 cstackBANK0  0004E
?_vfprintf                  cstackBANK0  0005E
I2C_Read@ackbit             cstackCOMMON 00071
I2C_Read@tempreadbuffer     cstackCOMMON 00072
I2C_Write@data              cstackCOMMON 00070
TCS3472_Colors@bh           cstackBANK0  00024
TCS3472_Colors@bl           cstackBANK0  00025
TCS3472_Colors@blue         cstackCOMMON 00074
TCS3472_Colors@ch           cstackBANK0  00026
TCS3472_Colors@cl           cstackBANK0  00027
TCS3472_Colors@clear        cstackCOMMON 00075
TCS3472_Colors@gh           cstackBANK0  00022
TCS3472_Colors@gl           cstackBANK0  00023
TCS3472_Colors@green        cstackCOMMON 00073
TCS3472_Colors@red          cstackBANK0  00028
TCS3472_Colors@rh           cstackBANK0  00020
TCS3472_Colors@rl           cstackBANK0  00021
TCS3472_Init@addr           cstackCOMMON 00073
TCS3472_Init@troubleshoot   cstackCOMMON 00071
_ANSELA                     (abs)        01F38
_ANSELB                     (abs)        01F43
_ANSELC                     (abs)        01F4E
_ANSELD                     (abs)        01F59
_ANSELE                     (abs)        01F64
_BAUD1CON                   (abs)        0011F
_BackLight_State            dataBANK2    00148
_I2C_Read                   text25       00041
_I2C_Start                  text24       00FDF
_I2C_Stop                   text23       00FE5
_I2C_Wait                   text26       00FF1
_I2C_Write                  text22       00FF8
_I2C_init                   text27       00032
_INLVLA                     (abs)        01F3C
_INLVLB                     (abs)        01F47
_INLVLC                     (abs)        01F52
_INLVLD                     (abs)        01F5D
_INLVLE                     (abs)        01F68
_INTCONbits                 (abs)        0000B
_IOCAF                      (abs)        01F3F
_IOCAN                      (abs)        01F3E
_IOCAP                      (abs)        01F3D
_IOCBF                      (abs)        01F4A
_IOCBN                      (abs)        01F49
_IOCBP                      (abs)        01F48
_IOCCF                      (abs)        01F55
_IOCCN                      (abs)        01F54
_IOCCP                      (abs)        01F53
_IOCEF                      (abs)        01F6B
_IOCEN                      (abs)        01F6A
_IOCEP                      (abs)        01F69
_LATA                       (abs)        00016
_LATAbits                   (abs)        00016
_LATB                       (abs)        00017
_LATBbits                   (abs)        00017
_LATC                       (abs)        00018
_LATD                       (abs)        00019
_LATE                       (abs)        0001A
_ODCONA                     (abs)        01F3A
_ODCONB                     (abs)        01F45
_ODCONC                     (abs)        01F50
_ODCOND                     (abs)        01F5B
_ODCONE                     (abs)        01F66
_OSCCON1                    (abs)        0088D
_OSCCON2                    (abs)        0088E
_OSCCON3                    (abs)        0088F
_OSCEN                      (abs)        00891
_OSCFRQ                     (abs)        00893
_OSCSTAT                    (abs)        00890
_OSCTUNE                    (abs)        00892
_PIR3bits                   (abs)        0070F
_PIR4bits                   (abs)        00710
_PIR5bits                   (abs)        00711
_PORTBbits                  (abs)        0000D
_RC1STA                     (abs)        0011D
_RC3PPS                     (abs)        01F23
_RC4PPS                     (abs)        01F24
_RC6PPS                     (abs)        01F26
_RS                         bssBANK2     00126
_RXPPS                      (abs)        01ECB
_SLRCONA                    (abs)        01F3B
_SLRCONB                    (abs)        01F46
_SLRCONC                    (abs)        01F51
_SLRCOND                    (abs)        01F5C
_SLRCONE                    (abs)        01F67
_SP1BRGH                    (abs)        0011C
_SP1BRGL                    (abs)        0011B
_SSP1ADD                    (abs)        0018D
_SSP1BUF                    (abs)        0018C
_SSP1CLKPPS                 (abs)        01EC5
_SSP1CON1                   (abs)        00190
_SSP1CON1bits               (abs)        00190
_SSP1CON2                   (abs)        00191
_SSP1CON2bits               (abs)        00191
_SSP1CON3                   (abs)        00192
_SSP1DATPPS                 (abs)        01EC6
_SSP1STAT                   (abs)        0018F
_SSP1STATbits               (abs)        0018F
_T1CKIPPS                   (abs)        01E92
_T1CLK                      (abs)        00211
_T1CON                      (abs)        0020E
_T1CONbits                  (abs)        0020E
_T1GATE                     (abs)        00210
_T1GCON                     (abs)        0020F
_T1GPPS                     (abs)        01E93
_TCS3472_Colors             text21       002A3
_TCS3472_Init               text20       0022A
_TMR1H                      (abs)        0020D
_TMR1L                      (abs)        0020C
_TRISA                      (abs)        00011
_TRISB                      (abs)        00012
_TRISBbits                  (abs)        00012
_TRISC                      (abs)        00013
_TRISCbits                  (abs)        00013
_TRISD                      (abs)        00014
_TRISE                      (abs)        00015
_TX1REG                     (abs)        0011A
_TX1STA                     (abs)        0011E
_WPUA                       (abs)        01F39
_WPUB                       (abs)        01F44
_WPUC                       (abs)        01F4F
_WPUD                       (abs)        01F5A
_WPUE                       (abs)        01F65
__Habs1                     abs1         00000
__Hbank0                    bank0        00000
__Hbank1                    bank1        00000
__Hbank10                   bank10       00000
__Hbank11                   bank11       00000
__Hbank12                   bank12       00000
__Hbank13                   bank13       00000
__Hbank14                   bank14       00000
__Hbank15                   bank15       00000
__Hbank16                   bank16       00000
__Hbank17                   bank17       00000
__Hbank18                   bank18       00000
__Hbank19                   bank19       00000
__Hbank2                    bank2        00000
__Hbank20                   bank20       00000
__Hbank21                   bank21       00000
__Hbank22                   bank22       00000
__Hbank23                   bank23       00000
__Hbank24                   bank24       00000
__Hbank25                   bank25       00000
__Hbank26                   bank26       00000
__Hbank27                   bank27       00000
__Hbank28                   bank28       00000
__Hbank29                   bank29       00000
__Hbank3                    bank3        00000
__Hbank30                   bank30       00000
__Hbank31                   bank31       00000
__Hbank32                   bank32       00000
__Hbank33                   bank33       00000
__Hbank34                   bank34       00000
__Hbank35                   bank35       00000
__Hbank36                   bank36       00000
__Hbank37                   bank37       00000
__Hbank38                   bank38       00000
__Hbank39                   bank39       00000
__Hbank4                    bank4        00000
__Hbank40                   bank40       00000
__Hbank41                   bank41       00000
__Hbank42                   bank42       00000
__Hbank43                   bank43       00000
__Hbank44                   bank44       00000
__Hbank45                   bank45       00000
__Hbank46                   bank46       00000
__Hbank47                   bank47       00000
__Hbank48                   bank48       00000
__Hbank49                   bank49       00000
__Hbank5                    bank5        00000
__Hbank50                   bank50       00000
__Hbank51                   bank51       00000
__Hbank52                   bank52       00000
__Hbank53                   bank53       00000
__Hbank54                   bank54       00000
__Hbank55                   bank55       00000
__Hbank56                   bank56       00000
__Hbank57                   bank57       00000
__Hbank58                   bank58       00000
__Hbank59                   bank59       00000
__Hbank6                    bank6        00000
__Hbank60                   bank60       00000
__Hbank61                   bank61       00000
__Hbank62                   bank62       00000
__Hbank63                   bank63       00000
__Hbank7                    bank7        00000
__Hbank8                    bank8        00000
__Hbank9                    bank9        00000
__Hbigram                   bigram       00000
__HbssBANK1                 bssBANK1     00000
__HbssBANK2                 bssBANK2     00000
__Hcinit                    cinit        00800
__Hclrtext                  clrtext      00000
__Hcode                     code         00000
__Hcommon                   common       00000
__Hconfig                   config       0800C
__HcstackBANK0              cstackBANK0  00000
__HcstackBANK1              cstackBANK1  00000
__HcstackCOMMON             cstackCOMMON 00000
__HdataBANK2                dataBANK2    00000
__Heeprom_data              eeprom_data  00000
__Hend_init                 end_init     00005
__Hfunctab                  functab      00000
__HidataBANK2               idataBANK2   00000
__Hidloc                    idloc        08004
__Hinit                     init         00003
__Hintentry                 intentry     00003
__Hmaintext                 maintext     00000
__HnvBANK1                  nvBANK1      00000
__Hpowerup                  powerup      00000
__Hram                      ram          00000
__Hreset_vec                reset_vec    00003
__Hsfr0                     sfr0         00000
__Hsfr1                     sfr1         00000
__Hsfr10                    sfr10        00000
__Hsfr11                    sfr11        00000
__Hsfr12                    sfr12        00000
__Hsfr13                    sfr13        00000
__Hsfr14                    sfr14        00000
__Hsfr15                    sfr15        00000
__Hsfr16                    sfr16        00000
__Hsfr17                    sfr17        00000
__Hsfr18                    sfr18        00000
__Hsfr19                    sfr19        00000
__Hsfr2                     sfr2         00000
__Hsfr20                    sfr20        00000
__Hsfr21                    sfr21        00000
__Hsfr22                    sfr22        00000
__Hsfr23                    sfr23        00000
__Hsfr24                    sfr24        00000
__Hsfr25                    sfr25        00000
__Hsfr26                    sfr26        00000
__Hsfr27                    sfr27        00000
__Hsfr28                    sfr28        00000
__Hsfr29                    sfr29        00000
__Hsfr3                     sfr3         00000
__Hsfr30                    sfr30        00000
__Hsfr31                    sfr31        00000
__Hsfr32                    sfr32        00000
__Hsfr33                    sfr33        00000
__Hsfr34                    sfr34        00000
__Hsfr35                    sfr35        00000
__Hsfr36                    sfr36        00000
__Hsfr37                    sfr37        00000
__Hsfr38                    sfr38        00000
__Hsfr39                    sfr39        00000
__Hsfr4                     sfr4         00000
__Hsfr40                    sfr40        00000
__Hsfr41                    sfr41        00000
__Hsfr42                    sfr42        00000
__Hsfr43                    sfr43        00000
__Hsfr44                    sfr44        00000
__Hsfr45                    sfr45        00000
__Hsfr46                    sfr46        00000
__Hsfr47                    sfr47        00000
__Hsfr48                    sfr48        00000
__Hsfr49                    sfr49        00000
__Hsfr5                     sfr5         00000
__Hsfr50                    sfr50        00000
__Hsfr51                    sfr51        00000
__Hsfr52                    sfr52        00000
__Hsfr53                    sfr53        00000
__Hsfr54                    sfr54        00000
__Hsfr55                    sfr55        00000
__Hsfr56                    sfr56        00000
__Hsfr57                    sfr57        00000
__Hsfr58                    sfr58        00000
__Hsfr59                    sfr59        00000
__Hsfr6                     sfr6         00000
__Hsfr60                    sfr60        00000
__Hsfr61                    sfr61        00000
__Hsfr62                    sfr62        00000
__Hsfr63                    sfr63        00000
__Hsfr7                     sfr7         00000
__Hsfr8                     sfr8         00000
__Hsfr9                     sfr9         00000
__Hspace_0                  (abs)        01015
__Hspace_1                  (abs)        00149
__Hspace_2                  (abs)        00000
__Hspace_3                  (abs)        00000
__Hspace_4                  (abs)        10013
__Hstack                    stack        00000
__Hstrings                  strings      00000
__Hstringtext1              stringtext1  00000
__Hstringtext10             stringtext10 00000
__Hstringtext11             stringtext11 00000
__Hstringtext12             stringtext12 00000
__Hstringtext13             stringtext13 00000
__Hstringtext14             stringtext14 00000
__Hstringtext15             stringtext15 00000
__Hstringtext16             stringtext16 00000
__Hstringtext17             stringtext17 00000
__Hstringtext18             stringtext18 00000
__Hstringtext19             stringtext19 00000
__Hstringtext2              stringtext2  00000
__Hstringtext3              stringtext3  00000
__Hstringtext4              stringtext4  00000
__Hstringtext5              stringtext5  00000
__Hstringtext6              stringtext6  00000
__Hstringtext7              stringtext7  00000
__Hstringtext8              stringtext8  00000
__Hstringtext9              stringtext9  00000
__Htext                     text         00000
__Labs1                     abs1         00000
__Lbank0                    bank0        00000
__Lbank1                    bank1        00000
__Lbank10                   bank10       00000
__Lbank11                   bank11       00000
__Lbank12                   bank12       00000
__Lbank13                   bank13       00000
__Lbank14                   bank14       00000
__Lbank15                   bank15       00000
__Lbank16                   bank16       00000
__Lbank17                   bank17       00000
__Lbank18                   bank18       00000
__Lbank19                   bank19       00000
__Lbank2                    bank2        00000
__Lbank20                   bank20       00000
__Lbank21                   bank21       00000
__Lbank22                   bank22       00000
__Lbank23                   bank23       00000
__Lbank24                   bank24       00000
__Lbank25                   bank25       00000
__Lbank26                   bank26       00000
__Lbank27                   bank27       00000
__Lbank28                   bank28       00000
__Lbank29                   bank29       00000
__Lbank3                    bank3        00000
__Lbank30                   bank30       00000
__Lbank31                   bank31       00000
__Lbank32                   bank32       00000
__Lbank33                   bank33       00000
__Lbank34                   bank34       00000
__Lbank35                   bank35       00000
__Lbank36                   bank36       00000
__Lbank37                   bank37       00000
__Lbank38                   bank38       00000
__Lbank39                   bank39       00000
__Lbank4                    bank4        00000
__Lbank40                   bank40       00000
__Lbank41                   bank41       00000
__Lbank42                   bank42       00000
__Lbank43                   bank43       00000
__Lbank44                   bank44       00000
__Lbank45                   bank45       00000
__Lbank46                   bank46       00000
__Lbank47                   bank47       00000
__Lbank48                   bank48       00000
__Lbank49                   bank49       00000
__Lbank5                    bank5        00000
__Lbank50                   bank50       00000
__Lbank51                   bank51       00000
__Lbank52                   bank52       00000
__Lbank53                   bank53       00000
__Lbank54                   bank54       00000
__Lbank55                   bank55       00000
__Lbank56                   bank56       00000
__Lbank57                   bank57       00000
__Lbank58                   bank58       00000
__Lbank59                   bank59       00000
__Lbank6                    bank6        00000
__Lbank60                   bank60       00000
__Lbank61                   bank61       00000
__Lbank62                   bank62       00000
__Lbank63                   bank63       00000
__Lbank7                    bank7        00000
__Lbank8                    bank8        00000
__Lbank9                    bank9        00000
__Lbigram                   bigram       00000
__LbssBANK1                 bssBANK1     00000
__LbssBANK2                 bssBANK2     00000
__Lcinit                    cinit        007E8
__Lclrtext                  clrtext      00000
__Lcode                     code         00000
__Lcommon                   common       00000
__Lconfig                   config       00000
__LcstackBANK0              cstackBANK0  00000
__LcstackBANK1              cstackBANK1  00000
__LcstackCOMMON             cstackCOMMON 00000
__LdataBANK2                dataBANK2    00000
__Leeprom_data              eeprom_data  00000
__Lend_init                 end_init     00003
__Lfunctab                  functab      00000
__LidataBANK2               idataBANK2   00000
__Lidloc                    idloc        00000
__Linit                     init         00003
__Lintentry                 intentry     00003
__Lmaintext                 maintext     00000
__LnvBANK1                  nvBANK1      00000
__Lpowerup                  powerup      00000
__Lram                      ram          00000
__Lreset_vec                reset_vec    00000
__Lsfr0                     sfr0         00000
__Lsfr1                     sfr1         00000
__Lsfr10                    sfr10        00000
__Lsfr11                    sfr11        00000
__Lsfr12                    sfr12        00000
__Lsfr13                    sfr13        00000
__Lsfr14                    sfr14        00000
__Lsfr15                    sfr15        00000
__Lsfr16                    sfr16        00000
__Lsfr17                    sfr17        00000
__Lsfr18                    sfr18        00000
__Lsfr19                    sfr19        00000
__Lsfr2                     sfr2         00000
__Lsfr20                    sfr20        00000
__Lsfr21                    sfr21        00000
__Lsfr22                    sfr22        00000
__Lsfr23                    sfr23        00000
__Lsfr24                    sfr24        00000
__Lsfr25                    sfr25        00000
__Lsfr26                    sfr26        00000
__Lsfr27                    sfr27        00000
__Lsfr28                    sfr28        00000
__Lsfr29                    sfr29        00000
__Lsfr3                     sfr3         00000
__Lsfr30                    sfr30        00000
__Lsfr31                    sfr31        00000
__Lsfr32                    sfr32        00000
__Lsfr33                    sfr33        00000
__Lsfr34                    sfr34        00000
__Lsfr35                    sfr35        00000
__Lsfr36                    sfr36        00000
__Lsfr37                    sfr37        00000
__Lsfr38                    sfr38        00000
__Lsfr39                    sfr39        00000
__Lsfr4                     sfr4         00000
__Lsfr40                    sfr40        00000
__Lsfr41                    sfr41        00000
__Lsfr42                    sfr42        00000
__Lsfr43                    sfr43        00000
__Lsfr44                    sfr44        00000
__Lsfr45                    sfr45        00000
__Lsfr46                    sfr46        00000
__Lsfr47                    sfr47        00000
__Lsfr48                    sfr48        00000
__Lsfr49                    sfr49        00000
__Lsfr5                     sfr5         00000
__Lsfr50                    sfr50        00000
__Lsfr51                    sfr51        00000
__Lsfr52                    sfr52        00000
__Lsfr53                    sfr53        00000
__Lsfr54                    sfr54        00000
__Lsfr55                    sfr55        00000
__Lsfr56                    sfr56        00000
__Lsfr57                    sfr57        00000
__Lsfr58                    sfr58        00000
__Lsfr59                    sfr59        00000
__Lsfr6                     sfr6         00000
__Lsfr60                    sfr60        00000
__Lsfr61                    sfr61        00000
__Lsfr62                    sfr62        00000
__Lsfr63                    sfr63        00000
__Lsfr7                     sfr7         00000
__Lsfr8                     sfr8         00000
__Lsfr9                     sfr9         00000
__Lspace_0                  (abs)        00000
__Lspace_1                  (abs)        00000
__Lspace_2                  (abs)        00000
__Lspace_3                  (abs)        00000
__Lspace_4                  (abs)        00000
__Lstack                    stack        00000
__Lstrings                  strings      00000
__Lstringtext1              stringtext1  00000
__Lstringtext10             stringtext10 00000
__Lstringtext11             stringtext11 00000
__Lstringtext12             stringtext12 00000
__Lstringtext13             stringtext13 00000
__Lstringtext14             stringtext14 00000
__Lstringtext15             stringtext15 00000
__Lstringtext16             stringtext16 00000
__Lstringtext17             stringtext17 00000
__Lstringtext18             stringtext18 00000
__Lstringtext19             stringtext19 00000
__Lstringtext2              stringtext2  00000
__Lstringtext3              stringtext3  00000
__Lstringtext4              stringtext4  00000
__Lstringtext5              stringtext5  00000
__Lstringtext6              stringtext6  00000
__Lstringtext7              stringtext7  00000
__Lstringtext8              stringtext8  00000
__Lstringtext9              stringtext9  00000
__Ltext                     text         00000
__S0                        (abs)        01015
__S1                        (abs)        00149
__S2                        (abs)        00000
__S3                        (abs)        00000
___aodiv                    text19       00575
___aodiv@counter            cstackCOMMON 00071
___aodiv@dividend           cstackBANK0  00028
___aodiv@divisor            cstackBANK0  00020
___aodiv@quotient           cstackCOMMON 00073
___aodiv@sign               cstackCOMMON 00072
___aomod                    text18       0048B
___aomod@counter            cstackCOMMON 00071
___aomod@dividend           cstackBANK0  00028
___aomod@divisor            cstackBANK0  00020
___aomod@sign               cstackCOMMON 00072
___int_sp                   stack        00000
___latbits                  (abs)        00004
___sp                       stack        00000
___stackhi                  (abs)        02FEF
___stacklo                  (abs)        020C9
__end_of_I2C_Read           text25       00058
__end_of_I2C_Start          text24       00FE5
__end_of_I2C_Stop           text23       00FEB
__end_of_I2C_Wait           text26       00FF8
__end_of_I2C_Write          text22       01000
__end_of_I2C_init           text27       00041
__end_of_TCS3472_Colors     text21       0031E
__end_of_TCS3472_Init       text20       002A3
__end_of___aodiv            text19       00676
__end_of___aomod            text18       00575
__end_of__initialization    cinit        007FD
__end_of_abs                text17       00072
__end_of_clock_init         text7        00032
__end_of_dtoa               text11       007E8
__end_of_fputc              text15       00176
__end_of_fputs              text14       000F6
__end_of_int_init           text6        00FDF
__end_of_main               maintext     003AE
__end_of_pad                text12       001CF
__end_of_pin_init           text5        0022A
__end_of_putch              text16       00FDB
__end_of_sprintf            text8        000CD
__end_of_strlen             text13       0008C
__end_of_system_init        text4        0000F
__end_of_uart_Write         text3        00019
__end_of_uart_Write_String  text2        000A9
__end_of_uart_init          text1        00025
__end_of_vfpfcnvrt          text10       0048B
__end_of_vfprintf           text9        00127
__initialization            cinit        007E8
__pbssBANK1                 bssBANK1     000E4
__pbssBANK2                 bssBANK2     00120
__pcstackBANK0              cstackBANK0  00020
__pcstackBANK1              cstackBANK1  000A0
__pcstackCOMMON             cstackCOMMON 00070
__pdataBANK2                dataBANK2    00148
__pidataBANK2               idataBANK2   00FDB
__pmaintext                 maintext     0031E
__pnvBANK1                  nvBANK1      000EF
__pstringtext1              stringtext1  00800
__pstringtext10             stringtext10 00955
__pstringtext11             stringtext11 00978
__pstringtext12             stringtext12 0098F
__pstringtext13             stringtext13 009A1
__pstringtext14             stringtext14 009B2
__pstringtext15             stringtext15 009BC
__pstringtext16             stringtext16 01000
__pstringtext17             stringtext17 01007
__pstringtext18             stringtext18 0100E
__pstringtext19             stringtext19 00000
__pstringtext2              stringtext2  0082C
__pstringtext3              stringtext3  00852
__pstringtext4              stringtext4  00878
__pstringtext5              stringtext5  0089E
__pstringtext6              stringtext6  008C3
__pstringtext7              stringtext7  008E8
__pstringtext8              stringtext8  0090D
__pstringtext9              stringtext9  00931
__ptext1                    text1        00019
__ptext10                   text10       003AE
__ptext11                   text11       00676
__ptext12                   text12       00176
__ptext13                   text13       00072
__ptext14                   text14       000CD
__ptext15                   text15       00127
__ptext16                   text16       00FDA
__ptext17                   text17       00058
__ptext18                   text18       0048B
__ptext19                   text19       00575
__ptext2                    text2        0008C
__ptext20                   text20       0022A
__ptext21                   text21       002A3
__ptext22                   text22       00FF8
__ptext23                   text23       00FE5
__ptext24                   text24       00FDF
__ptext25                   text25       00041
__ptext26                   text26       00FF1
__ptext27                   text27       00032
__ptext3                    text3        0000F
__ptext4                    text4        00005
__ptext5                    text5        001CF
__ptext6                    text6        00FDC
__ptext7                    text7        00025
__ptext8                    text8        000A9
__ptext9                    text9        000F6
__size_of_I2C_Read          (abs)        00000
__size_of_I2C_Start         (abs)        00000
__size_of_I2C_Stop          (abs)        00000
__size_of_I2C_Wait          (abs)        00000
__size_of_I2C_Write         (abs)        00000
__size_of_I2C_init          (abs)        00000
__size_of_TCS3472_Colors    (abs)        00000
__size_of_TCS3472_Init      (abs)        00000
__size_of___aodiv           (abs)        00000
__size_of___aomod           (abs)        00000
__size_of_abs               (abs)        00000
__size_of_clock_init        (abs)        00000
__size_of_dtoa              (abs)        00000
__size_of_fputc             (abs)        00000
__size_of_fputs             (abs)        00000
__size_of_int_init          (abs)        00000
__size_of_main              (abs)        00000
__size_of_pad               (abs)        00000
__size_of_pin_init          (abs)        00000
__size_of_putch             (abs)        00000
__size_of_sprintf           (abs)        00000
__size_of_strlen            (abs)        00000
__size_of_system_init       (abs)        00000
__size_of_uart_Write        (abs)        00000
__size_of_uart_Write_String (abs)        00000
__size_of_uart_init         (abs)        00000
__size_of_vfpfcnvrt         (abs)        00000
__size_of_vfprintf          (abs)        00000
_abs                        text17       00058
_black_bead                 bssBANK1     000EA
_blue_bead                  bssBANK1     000EB
_brown_bead                 bssBANK1     000E8
_clock_init                 text7        00025
_dbuf                       bssBANK2     00128
_dtoa                       text11       00676
_dtoa$1609                  cstackBANK0  0003B
_flags                      bssBANK1     000E4
_fputc                      text15       00127
_fputs                      text14       000CD
_green_bead                 bssBANK1     000EC
_int_init                   text6        00FDC
_lcd_address                bssBANK2     00127
_main                       maintext     0031E
_nout                       bssBANK2     00120
_pad                        text12       00176
_pca_address                bssBANK1     000E6
_pin_init                   text5        001CF
_prec                       bssBANK2     00124
_putch                      text16       00FDA
_red_bead                   bssBANK1     000ED
_sprintf                    text8        000A9
_strlen                     text13       00072
_system_init                text4        00005
_tcs_addr                   nvBANK1      000EF
_uart_Write                 text3        0000F
_uart_Write_String          text2        0008C
_uart_init                  text1        00019
_unsort_bead                bssBANK1     000E7
_vfpfcnvrt                  text10       003AE
_vfprintf                   text9        000F6
_white_bead                 bssBANK1     000E9
_width                      bssBANK2     00122
_yellow_bead                bssBANK1     000EE
abs@a                       cstackCOMMON 00073
btemp                       (abs)        0007E
clear_ram0                  clrtext      00FEB
dtoa@d                      cstackBANK0  00030
dtoa@fp                     cstackBANK0  0003D
dtoa@i                      cstackBANK0  0004C
dtoa@n                      cstackBANK0  00044
dtoa@p                      cstackBANK0  0003E
dtoa@s                      cstackBANK0  00042
dtoa@w                      cstackBANK0  00040
end_of_initialization       cinit        007FD
fputc@c                     cstackCOMMON 00070
fputc@fp                    cstackCOMMON 00072
fputs@c                     cstackBANK0  00020
fputs@fp                    cstackCOMMON 00078
fputs@i                     cstackBANK0  00021
fputs@s                     cstackBANK0  00023
intlevel0                   functab      00000
intlevel1                   functab      00000
intlevel2                   functab      00000
intlevel3                   functab      00000
intlevel4                   functab      00000
intlevel5                   functab      00000
main@b                      cstackBANK1  000E0
main@buffer                 cstackBANK1  000AA
main@c                      cstackBANK1  000E2
main@g                      cstackBANK1  000DE
main@r                      cstackBANK1  000DC
pad@buf                     cstackBANK0  00024
pad@fp                      cstackBANK0  0002B
pad@i                       cstackBANK0  00027
pad@p                       cstackBANK0  00025
pad@w                       cstackBANK0  00029
reset_vec                   reset_vec    00000
sprintf@ap                  cstackBANK1  000A0
sprintf@f                   cstackBANK1  000A2
sprintf@fmt                 cstackBANK0  00066
sprintf@s                   cstackBANK1  000A1
start                       init         00003
start_initialization        cinit        007E8
strlen@a                    cstackCOMMON 00073
strlen@s                    cstackCOMMON 00074
uart_Write@data             cstackCOMMON 00070
uart_Write_String@buf       cstackCOMMON 00071
uart_Write_String@i         cstackCOMMON 00074
vfpfcnvrt@ap                cstackBANK0  0004F
vfpfcnvrt@fmt               cstackBANK0  0004E
vfpfcnvrt@fp                cstackBANK0  0005D
vfpfcnvrt@ll                cstackBANK0  00055
vfprintf@ap                 cstackBANK0  00060
vfprintf@cfmt               cstackBANK0  00064
vfprintf@fmt                cstackBANK0  0005E
vfprintf@fp                 cstackBANK0  00063
wtemp0                      (abs)        0007E


MODULE INFORMATION

Module		Function		Class		Link	Load	Size
C:\Program Files\Microchip\xc8\v2.32\pic\sources\c99\common\nf_sprintf.c
		_sprintf       		CODE           	00A9	0000	36

C:\Program Files\Microchip\xc8\v2.32\pic\sources\c99\common\nf_sprintf.c estimated size: 36

system_init.c
		_clock_init    		CODE           	0025	0000	13
		_system_init   		CODE           	0005	0000	10
		_pin_init      		CODE           	01CF	0000	91
		_int_init      		CODE           	0FDC	0000	3

system_init.c estimated size: 117

C:\Program Files\Microchip\xc8\v2.32\pic\sources\c99\common\doprnt.c
		_vfpfcnvrt     		CODE           	03AE	0000	221
		_pad           		CODE           	0176	0000	89
		_dtoa          		CODE           	0676	0000	370
		_vfprintf      		CODE           	00F6	0000	49

C:\Program Files\Microchip\xc8\v2.32\pic\sources\c99\common\doprnt.c estimated size: 729

uart.c
		_uart_Write_String		CODE           	008C	0000	29
		_uart_init     		CODE           	0019	0000	12
		_uart_Write    		CODE           	000F	0000	10

uart.c estimated size: 51

I2C_MSSP1_driver.c
		_I2C_init      		CODE           	0032	0000	15
		_I2C_Write     		CODE           	0FF8	0000	8
		_I2C_Stop      		CODE           	0FE5	0000	6
		_I2C_Wait      		CODE           	0FF1	0000	7
		_I2C_Read      		CODE           	0041	0000	23
		_I2C_Start     		CODE           	0FDF	0000	6

I2C_MSSP1_driver.c estimated size: 65

newmain.c
		_main          		CODE           	031E	0000	144

newmain.c estimated size: 144

C:\Program Files\Microchip\xc8\v2.32\pic\sources\c99\common\nf_fputs.c
		_fputs         		CODE           	00CD	0000	41

C:\Program Files\Microchip\xc8\v2.32\pic\sources\c99\common\nf_fputs.c estimated size: 41

C:\Program Files\Microchip\xc8\v2.32\pic\sources\c99\common\putch.c
		_putch         		CODE           	0FDA	0000	1

C:\Program Files\Microchip\xc8\v2.32\pic\sources\c99\common\putch.c estimated size: 1

C:\Program Files\Microchip\xc8\v2.32\pic\sources\c99\common\abs.c
		_abs           		CODE           	0058	0000	26

C:\Program Files\Microchip\xc8\v2.32\pic\sources\c99\common\abs.c estimated size: 26

C:\Program Files\Microchip\xc8\v2.32\pic\sources\c99\common\aomod.c
		___aomod       		CODE           	048B	0000	234

C:\Program Files\Microchip\xc8\v2.32\pic\sources\c99\common\aomod.c estimated size: 234

shared
		__initialization		CODE           	07E8	0000	21

shared estimated size: 21

tcs3472.c
		_TCS3472_Init  		CODE           	022A	0000	121
		_TCS3472_Colors		CODE           	02A3	0000	123

tcs3472.c estimated size: 244

C:\Program Files\Microchip\xc8\v2.32\pic\sources\c99\common\nf_fputc.c
		_fputc         		CODE           	0127	0000	79

C:\Program Files\Microchip\xc8\v2.32\pic\sources\c99\common\nf_fputc.c estimated size: 79

C:\Program Files\Microchip\xc8\v2.32\pic\sources\c99\common\aodiv.c
		___aodiv       		CODE           	0575	0000	257

C:\Program Files\Microchip\xc8\v2.32\pic\sources\c99\common\aodiv.c estimated size: 257

C:\Program Files\Microchip\xc8\v2.32\pic\sources\c99\common\strlen.c
		_strlen        		CODE           	0072	0000	26

C:\Program Files\Microchip\xc8\v2.32\pic\sources\c99\common\strlen.c estimated size: 26

