Microchip MPLAB XC8 Compiler V2.32

Linker command line:

-W-3 --edf=C:\Program Files\Microchip\xc8\v2.32\pic\dat\en_msgs.txt -cn \
  -h+dist/default/production\PIC16f18877_v6.1.X.production.sym \
  --cmf=dist/default/production\PIC16f18877_v6.1.X.production.cmf -z \
  -Q16F18877 -oC:\Users\user\AppData\Local\Temp\xcAsif8.4 \
  --defsym=__MPLAB_BUILD=1 \
  -Mdist/default/production/PIC16f18877_v6.1.X.production.map -E1 \
  -ver=XC8 Compiler --acfsm=1493 -ASTACK=020C0h-02FEFh -pstack=STACK \
  -ACODE=00h-07FFhx16 -ASTRCODE=00h-07FFFh -ASTRING=00h-0FFhx128 \
  -ACONST=00h-0FFhx128 -AENTRY=00h-0FFhx128 -ACOMMON=070h-07Fh \
  -ABANK0=020h-06Fh -ABANK1=0A0h-0EFh -ABANK2=0120h-016Fh \
  -ABANK3=01A0h-01EFh -ABANK4=0220h-026Fh -ABANK5=02A0h-02EFh \
  -ABANK6=0320h-036Fh -ABANK7=03A0h-03EFh -ABANK8=0420h-046Fh \
  -ABANK9=04A0h-04EFh -ABANK10=0520h-056Fh -ABANK11=05A0h-05EFh \
  -ABANK12=0620h-066Fh -ABANK13=06A0h-06EFh -ABANK14=0720h-076Fh \
  -ABANK15=07A0h-07EFh -ABANK16=0820h-086Fh -ABANK17=08A0h-08EFh \
  -ABANK18=0920h-096Fh -ABANK19=09A0h-09EFh -ABANK20=0A20h-0A6Fh \
  -ABANK21=0AA0h-0AEFh -ABANK22=0B20h-0B6Fh -ABANK23=0BA0h-0BEFh \
  -ABANK24=0C20h-0C6Fh -ABANK25=0CA0h-0CEFh -ABANK26=0D20h-0D6Fh \
  -ABANK27=0DA0h-0DEFh -ABANK28=0E20h-0E6Fh -ABANK29=0EA0h-0EEFh \
  -ABANK30=0F20h-0F6Fh -ABANK31=0FA0h-0FEFh -ABANK32=01020h-0106Fh \
  -ABANK33=010A0h-010EFh -ABANK34=01120h-0116Fh -ABANK35=011A0h-011EFh \
  -ABANK36=01220h-0126Fh -ABANK37=012A0h-012EFh -ABANK38=01320h-0136Fh \
  -ABANK39=013A0h-013EFh -ABANK40=01420h-0146Fh -ABANK41=014A0h-014EFh \
  -ABANK42=01520h-0156Fh -ABANK43=015A0h-015EFh -ABANK44=01620h-0166Fh \
  -ABANK45=016A0h-016EFh -ABANK46=01720h-0176Fh -ABANK47=017A0h-017EFh \
  -ABANK48=01820h-0186Fh -ABANK49=018A0h-018EFh -ABANK50=01920h-0196Fh \
  -ABIGRAM=02000h-02FEFh \
  -ARAM=020h-06Fh,0A0h-0EFh,0120h-016Fh,01A0h-01EFh,0220h-026Fh,02A0h-02EFh,0320h-036Fh,03A0h-03EFh,0420h-046Fh,04A0h-04EFh,0520h-056Fh,05A0h-05EFh,0620h-066Fh,06A0h-06EFh,0720h-076Fh,07A0h-07EFh,0820h-086Fh,08A0h-08EFh,0920h-096Fh,09A0h-09EFh,0A20h-0A6Fh,0AA0h-0AEFh,0B20h-0B6Fh,0BA0h-0BEFh,0C20h-0C6Fh,0CA0h-0CEFh,0D20h-0D6Fh,0DA0h-0DEFh,0E20h-0E6Fh,0EA0h-0EEFh,0F20h-0F6Fh,0FA0h-0FEFh,01020h-0106Fh,010A0h-010EFh,01120h-0116Fh,011A0h-011EFh,01220h-0126Fh,012A0h-012EFh,01320h-0136Fh,013A0h-013EFh,01420h-0146Fh,014A0h-014EFh,01520h-0156Fh,015A0h-015EFh,01620h-0166Fh,016A0h-016EFh,01720h-0176Fh,017A0h-017EFh,01820h-0186Fh,018A0h-018EFh,01920h-0196Fh \
  -AABS1=020h-07Fh,0A0h-0EFh,0120h-016Fh,01A0h-01EFh,0220h-026Fh,02A0h-02EFh,0320h-036Fh,03A0h-03EFh,0420h-046Fh,04A0h-04EFh,0520h-056Fh,05A0h-05EFh,0620h-066Fh,06A0h-06EFh,0720h-076Fh,07A0h-07EFh,0820h-086Fh,08A0h-08EFh,0920h-096Fh,09A0h-09EFh,0A20h-0A6Fh,0AA0h-0AEFh,0B20h-0B6Fh,0BA0h-0BEFh,0C20h-0C6Fh,0CA0h-0CEFh,0D20h-0D6Fh,0DA0h-0DEFh,0E20h-0E6Fh,0EA0h-0EEFh,0F20h-0F6Fh,0FA0h-0FEFh,01020h-0106Fh,010A0h-010EFh,01120h-0116Fh,011A0h-011EFh,01220h-0126Fh,012A0h-012EFh,01320h-0136Fh,013A0h-013EFh,01420h-0146Fh,014A0h-014EFh,01520h-0156Fh,015A0h-015EFh,01620h-0166Fh,016A0h-016EFh,01720h-0176Fh,017A0h-017EFh,01820h-0186Fh,018A0h-018EFh,01920h-0196Fh \
  -ASFR0=00h-01Fh -ASFR1=080h-09Fh -ASFR2=0100h-011Fh -ASFR3=0180h-019Fh \
  -ASFR4=0200h-021Fh -ASFR5=0280h-029Fh -ASFR6=0300h-031Fh \
  -ASFR7=0380h-039Fh -ASFR8=0400h-041Fh -ASFR9=0480h-049Fh \
  -ASFR10=0500h-051Fh -ASFR11=0580h-059Fh -ASFR12=0600h-061Fh \
  -ASFR13=0680h-069Fh -ASFR14=0700h-071Fh -ASFR15=0780h-079Fh \
  -ASFR16=0800h-081Fh -ASFR17=0880h-089Fh -ASFR18=0900h-091Fh \
  -ASFR19=0980h-099Fh -ASFR20=0A00h-0A1Fh -ASFR21=0A80h-0A9Fh \
  -ASFR22=0B00h-0B1Fh -ASFR23=0B80h-0B9Fh -ASFR24=0C00h-0C1Fh \
  -ASFR25=0C80h-0C9Fh -ASFR26=0D00h-0D1Fh -ASFR27=0D80h-0D9Fh \
  -ASFR28=0E00h-0E1Fh -ASFR29=0E80h-0E9Fh -ASFR30=0F00h-0F1Fh \
  -ASFR31=0F80h-0F9Fh -ASFR32=01000h-0101Fh -ASFR33=01080h-0109Fh \
  -ASFR34=01100h-0111Fh -ASFR35=01180h-0119Fh -ASFR36=01200h-0121Fh \
  -ASFR37=01280h-0129Fh -ASFR38=01300h-0131Fh -ASFR39=01380h-0139Fh \
  -ASFR40=01400h-0141Fh -ASFR41=01480h-0149Fh -ASFR42=01500h-0151Fh \
  -ASFR43=01580h-0159Fh -ASFR44=01600h-0161Fh -ASFR45=01680h-0169Fh \
  -ASFR46=01700h-0171Fh -ASFR47=01780h-0179Fh -ASFR48=01800h-0181Fh \
  -ASFR49=01880h-0189Fh -ASFR50=01900h-0191Fh -ASFR51=01980h-019EFh \
  -ASFR52=01A00h-01A6Fh -ASFR53=01A80h-01AEFh -ASFR54=01B00h-01B6Fh \
  -ASFR55=01B80h-01BEFh -ASFR56=01C00h-01C6Fh -ASFR57=01C80h-01CEFh \
  -ASFR58=01D00h-01D6Fh -ASFR59=01D80h-01DEFh -ASFR60=01E00h-01E6Fh \
  -ASFR61=01E80h-01EEFh -ASFR62=01F00h-01F6Fh -ASFR63=01F80h-01FEFh \
  -ACONFIG=08007h-0800Bh -DCONFIG=2 -AIDLOC=08000h-08003h -DIDLOC=2 \
  -AEEDATA=00h-0FFh/0F000h -peeprom_data=EEDATA -DEEDATA=2 -DCODE=2 \
  -DSTRCODE=2 -DSTRING=2 -DCONST=2 -DENTRY=2 \
  -preset_vec=00h,intentry,init,end_init -ppowerup=CODE -pcinit=CODE \
  -pfunctab=ENTRY -k C:\Users\user\AppData\Local\Temp\xcAsif8.o \
  dist/default/production\PIC16f18877_v6.1.X.production.o 

Object code version is 3.11

Machine type is 16F18877



                Name                               Link     Load   Length Selector   Space Scale
C:\Users\user\AppData\Local\Temp\xcAsif8.o
                end_init                              2        2        2        0       0
                reset_vec                             0        0        2        0       0
                config                             8007     8007        5        0       4
                idloc                              8000     8000        4        0       5
dist/default/production\PIC16f18877_v6.1.X.production.o
                cinit                               7E8      7E8       18      FD0       0
                config                             8007     8007        5        0       4
                idloc                              8000     8000        4        0       5
                text50                              B9F      B9F       26     173E       0
                text49                              A14      A14        6     1428       0
                text48                              A1A      A1A        6     1434       0
                text47                              A26      A26        8     144C       0
                text46                              A9C      A9C       13     1538       0
                text45                              AAF      AAF       15     155E       0
                text44                              AC4      AC4       15     1588       0
                text43                              ECE      ECE       83     1D9C       0
                text42                              CC2      CC2       30     1984       0
                text41                              C3B      C3B       2A     1876       0
                text40                              AD9      AD9       15     15B2       0
                text39                              C93      C93       2F     1926       0
                text38                              F51      F51       AF     1EA2       0
                text37                              B5C      B5C       1F     16B8       0
                text36                              4D8      4D8      310      9B0       0
                text35                              A04      A04        4     1408       0
                text34                              A08      A08        4     1410       0
                text33                              A0C      A0C        4     1418       0
                text32                              A10      A10        4     1420       0
                text31                              B22      B22       1D     1644       0
                text30                              9FE      9FE        3     13FC       0
                text29                              A01      A01        3     1402       0
                text28                              A79      A79       11     14F2       0
                text27                              BC5      BC5       26     178A       0
                text26                              E6A      E6A       64     1CD4       0
                text25                              C65      C65       2E     18CA       0
                text24                                7        7       16        E       0
                text23                              B3F      B3F       1D     167E       0
                text22                              267      267      101      4CE       0
                text21                              17D      17D       EA      2FA       0
                text20                              AEE      AEE       1A     15DC       0
                text19                              9FC      9FC        1     13F8       0
                text18                              D67      D67       4F     1ACE       0
                text17                              C12      C12       29     1824       0
                text16                              B08      B08       1A     1610       0
                text15                              DB6      DB6       59     1B6C       0
                text14                              368      368      170      6D0       0
                text13                               A2       A2       DB      144       0
                text12                              CF2      CF2       31     19E4       0
                text11                              B7B      B7B       24     16F6       0
                text10                               1D       1D       85       3A       0
                text9                               BEB      BEB       27     17D6       0
                text8                               A59      A59       10     14B2       0
                text7                               A3B      A3B        F     1476       0
                text6                               A4A      A4A        F     1494       0
                text5                               A2E      A2E        D     145C       0
                text4                                 4        4        3        0       0
                text3                               E0F      E0F       5B     1C1E       0
                text2                               A69      A69       10     14D2       0
                text1                               A8A      A8A       12     1514       0
                maintext                            D23      D23       44     1A46       0
                cstackBANK0                          20       20       50       20       1
                cstackCOMMON                         70       70        E       70       1
                cstackBANK1                          A0       A0       3A       A0       1
                clrtext                             A20      A20        6     1440       0
                bssBANK2                            120      120       20      120       1
                dataBANK1                            ED       ED        1       A0       1
                bssBANK1                             DA       DA       12       A0       1
                stringtext4                        103A     103A        A     2000       0
                stringtext3                        1029     1029       11     2000       0
                stringtext2                        1017     1017       12     2000       0
                stringtext1                        1000     1000       17     2000       0
                nvBANK1                              EC       EC        1       A0       1
                idataBANK1                          9FD      9FD        1     13FA       0

TOTAL           Name                               Link     Load   Length     Space
        CLASS   STACK          

        CLASS   CODE           
                end_init                              2        2        2         0
                cinit                               7E8      7E8       18         0
                reset_vec                             0        0        2         0
                text50                              B9F      B9F       26         0
                text49                              A14      A14        6         0
                text48                              A1A      A1A        6         0
                text47                              A26      A26        8         0
                text46                              A9C      A9C       13         0
                text45                              AAF      AAF       15         0
                text44                              AC4      AC4       15         0
                text43                              ECE      ECE       83         0
                text42                              CC2      CC2       30         0
                text41                              C3B      C3B       2A         0
                text40                              AD9      AD9       15         0
                text39                              C93      C93       2F         0
                text38                              F51      F51       AF         0
                text37                              B5C      B5C       1F         0
                text36                              4D8      4D8      310         0
                text35                              A04      A04        4         0
                text34                              A08      A08        4         0
                text33                              A0C      A0C        4         0
                text32                              A10      A10        4         0
                text31                              B22      B22       1D         0
                text30                              9FE      9FE        3         0
                text29                              A01      A01        3         0
                text28                              A79      A79       11         0
                text27                              BC5      BC5       26         0
                text26                              E6A      E6A       64         0
                text25                              C65      C65       2E         0
                text24                                7        7       16         0
                text23                              B3F      B3F       1D         0
                text22                              267      267      101         0
                text21                              17D      17D       EA         0
                text20                              AEE      AEE       1A         0
                text19                              9FC      9FC        1         0
                text18                              D67      D67       4F         0
                text17                              C12      C12       29         0
                text16                              B08      B08       1A         0
                text15                              DB6      DB6       59         0
                text14                              368      368      170         0
                text13                               A2       A2       DB         0
                text12                              CF2      CF2       31         0
                text11                              B7B      B7B       24         0
                text10                               1D       1D       85         0
                text9                               BEB      BEB       27         0
                text8                               A59      A59       10         0
                text7                               A3B      A3B        F         0
                text6                               A4A      A4A        F         0
                text5                               A2E      A2E        D         0
                text4                                 4        4        3         0
                text3                               E0F      E0F       5B         0
                text2                               A69      A69       10         0
                text1                               A8A      A8A       12         0
                maintext                            D23      D23       44         0
                clrtext                             A20      A20        6         0
                idataBANK1                          9FD      9FD        1         0

        CLASS   STRCODE        
                stringtext4                        103A     103A        A         0
                stringtext3                        1029     1029       11         0
                stringtext2                        1017     1017       12         0
                stringtext1                        1000     1000       17         0

        CLASS   STRING         

        CLASS   CONST          

        CLASS   ENTRY          

        CLASS   COMMON         
                cstackCOMMON                         70       70        E         1

        CLASS   BANK0          
                cstackBANK0                          20       20       50         1

        CLASS   BANK1          
                cstackBANK1                          A0       A0       3A         1
                dataBANK1                            ED       ED        1         1
                bssBANK1                             DA       DA       12         1
                nvBANK1                              EC       EC        1         1

        CLASS   BANK2          
                bssBANK2                            120      120       20         1

        CLASS   BANK3          

        CLASS   BANK4          

        CLASS   BANK5          

        CLASS   BANK6          

        CLASS   BANK7          

        CLASS   BANK8          

        CLASS   BANK9          

        CLASS   BANK10         

        CLASS   BANK11         

        CLASS   BANK12         

        CLASS   BANK13         

        CLASS   BANK14         

        CLASS   BANK15         

        CLASS   BANK16         

        CLASS   BANK17         

        CLASS   BANK18         

        CLASS   BANK19         

        CLASS   BANK20         

        CLASS   BANK21         

        CLASS   BANK22         

        CLASS   BANK23         

        CLASS   BANK24         

        CLASS   BANK25         

        CLASS   BANK26         

        CLASS   BANK27         

        CLASS   BANK28         

        CLASS   BANK29         

        CLASS   BANK30         

        CLASS   BANK31         

        CLASS   BANK32         

        CLASS   BANK33         

        CLASS   BANK34         

        CLASS   BANK35         

        CLASS   BANK36         

        CLASS   BANK37         

        CLASS   BANK38         

        CLASS   BANK39         

        CLASS   BANK40         

        CLASS   BANK41         

        CLASS   BANK42         

        CLASS   BANK43         

        CLASS   BANK44         

        CLASS   BANK45         

        CLASS   BANK46         

        CLASS   BANK47         

        CLASS   BANK48         

        CLASS   BANK49         

        CLASS   BANK50         

        CLASS   BIGRAM         

        CLASS   RAM            

        CLASS   ABS1           
                abs_s1                               7E       7E        2         1

        CLASS   SFR0           

        CLASS   SFR1           

        CLASS   SFR2           

        CLASS   SFR3           

        CLASS   SFR4           

        CLASS   SFR5           

        CLASS   SFR6           

        CLASS   SFR7           

        CLASS   SFR8           

        CLASS   SFR9           

        CLASS   SFR10          

        CLASS   SFR11          

        CLASS   SFR12          

        CLASS   SFR13          

        CLASS   SFR14          

        CLASS   SFR15          

        CLASS   SFR16          

        CLASS   SFR17          

        CLASS   SFR18          

        CLASS   SFR19          

        CLASS   SFR20          

        CLASS   SFR21          

        CLASS   SFR22          

        CLASS   SFR23          

        CLASS   SFR24          

        CLASS   SFR25          

        CLASS   SFR26          

        CLASS   SFR27          

        CLASS   SFR28          

        CLASS   SFR29          

        CLASS   SFR30          

        CLASS   SFR31          

        CLASS   SFR32          

        CLASS   SFR33          

        CLASS   SFR34          

        CLASS   SFR35          

        CLASS   SFR36          

        CLASS   SFR37          

        CLASS   SFR38          

        CLASS   SFR39          

        CLASS   SFR40          

        CLASS   SFR41          

        CLASS   SFR42          

        CLASS   SFR43          

        CLASS   SFR44          

        CLASS   SFR45          

        CLASS   SFR46          

        CLASS   SFR47          

        CLASS   SFR48          

        CLASS   SFR49          

        CLASS   SFR50          

        CLASS   SFR51          

        CLASS   SFR52          

        CLASS   SFR53          

        CLASS   SFR54          

        CLASS   SFR55          

        CLASS   SFR56          

        CLASS   SFR57          

        CLASS   SFR58          

        CLASS   SFR59          

        CLASS   SFR60          

        CLASS   SFR61          

        CLASS   SFR62          

        CLASS   SFR63          

        CLASS   CONFIG         
                config                             8007     8007        5         4

        CLASS   IDLOC          
                idloc                              8000     8000        4         5

        CLASS   EEDATA         

        CLASS   BANK63         

        CLASS   BANK62         

        CLASS   BANK61         

        CLASS   BANK60         

        CLASS   BANK59         

        CLASS   BANK58         

        CLASS   BANK57         

        CLASS   BANK56         

        CLASS   BANK55         

        CLASS   BANK54         

        CLASS   BANK53         

        CLASS   BANK52         

        CLASS   BANK51         



SEGMENTS        Name                           Load    Length   Top    Selector   Space  Class     Delta

                reset_vec                      000000  000007  000007         0       0  CODE        2
                text24                         000007  000016  00001D         E       0  CODE        2
                cstackBANK0                    000020  000050  000070        20       1  BANK0       1
                text10                         00001D  000085  0000A2        3A       0  CODE        2
                cstackCOMMON                   000070  00000E  00007E        70       1  COMMON      1
                cstackBANK1                    0000A0  00004E  0000EE        A0       1  BANK1       1
                bssBANK2                       000120  000020  000140       120       1  BANK2       1
                text13                         0000A2  0000DB  00017D       144       0  CODE        2
                text21                         00017D  0000EA  000267       2FA       0  CODE        2
                text22                         000267  000101  000368       4CE       0  CODE        2
                text14                         000368  000170  0004D8       6D0       0  CODE        2
                text36                         0004D8  000310  0007E8       9B0       0  CODE        2
                cinit                          0007E8  000018  000800       FD0       0  CODE        2
                text19                         0009FC  000001  0009FD      13F8       0  CODE        2
                idataBANK1                     0009FD  000001  0009FE      13FA       0  CODE        2
                text30                         0009FE  000003  000A01      13FC       0  CODE        2
                text29                         000A01  000003  000A04      1402       0  CODE        2
                text35                         000A04  000004  000A08      1408       0  CODE        2
                text34                         000A08  000004  000A0C      1410       0  CODE        2
                text33                         000A0C  000004  000A10      1418       0  CODE        2
                text32                         000A10  000004  000A14      1420       0  CODE        2
                text49                         000A14  000006  000A1A      1428       0  CODE        2
                text48                         000A1A  000006  000A20      1434       0  CODE        2
                clrtext                        000A20  000006  000A26      1440       0  CODE        2
                text47                         000A26  000008  000A2E      144C       0  CODE        2
                text5                          000A2E  00000D  000A3B      145C       0  CODE        2
                text7                          000A3B  00000F  000A4A      1476       0  CODE        2
                text6                          000A4A  00000F  000A59      1494       0  CODE        2
                text8                          000A59  000010  000A69      14B2       0  CODE        2
                text2                          000A69  000010  000A79      14D2       0  CODE        2
                text28                         000A79  000011  000A8A      14F2       0  CODE        2
                text1                          000A8A  000012  000A9C      1514       0  CODE        2
                text46                         000A9C  000013  000AAF      1538       0  CODE        2
                text45                         000AAF  000015  000AC4      155E       0  CODE        2
                text44                         000AC4  000015  000AD9      1588       0  CODE        2
                text40                         000AD9  000015  000AEE      15B2       0  CODE        2
                text20                         000AEE  00001A  000B08      15DC       0  CODE        2
                text16                         000B08  00001A  000B22      1610       0  CODE        2
                text31                         000B22  00001D  000B3F      1644       0  CODE        2
                text23                         000B3F  00001D  000B5C      167E       0  CODE        2
                text37                         000B5C  00001F  000B7B      16B8       0  CODE        2
                text11                         000B7B  000024  000B9F      16F6       0  CODE        2
                text50                         000B9F  000026  000BC5      173E       0  CODE        2
                text27                         000BC5  000026  000BEB      178A       0  CODE        2
                text9                          000BEB  000027  000C12      17D6       0  CODE        2
                text17                         000C12  000029  000C3B      1824       0  CODE        2
                text41                         000C3B  00002A  000C65      1876       0  CODE        2
                text25                         000C65  00002E  000C93      18CA       0  CODE        2
                text39                         000C93  00002F  000CC2      1926       0  CODE        2
                text42                         000CC2  000030  000CF2      1984       0  CODE        2
                text12                         000CF2  000031  000D23      19E4       0  CODE        2
                maintext                       000D23  000044  000D67      1A46       0  CODE        2
                text18                         000D67  00004F  000DB6      1ACE       0  CODE        2
                text15                         000DB6  000059  000E0F      1B6C       0  CODE        2
                text3                          000E0F  00005B  000E6A      1C1E       0  CODE        2
                text26                         000E6A  000064  000ECE      1CD4       0  CODE        2
                text43                         000ECE  000083  000F51      1D9C       0  CODE        2
                text38                         000F51  0000AF  001000      1EA2       0  CODE        2
                stringtext1                    001000  000044  001044      2000       0  STRCODE     2


UNUSED ADDRESS RANGES

        Name                Unused          Largest block    Delta
        BANK1            000EE-000EF               2           1
        BANK10           00520-0056F              50           1
        BANK11           005A0-005EF              50           1
        BANK12           00620-0066F              50           1
        BANK13           006A0-006EF              50           1
        BANK14           00720-0076F              50           1
        BANK15           007A0-007EF              50           1
        BANK16           00820-0086F              50           1
        BANK17           008A0-008EF              50           1
        BANK18           00920-0096F              50           1
        BANK19           009A0-009EF              50           1
        BANK2            00140-0016F              30           1
        BANK20           00A20-00A6F              50           1
        BANK21           00AA0-00AEF              50           1
        BANK22           00B20-00B6F              50           1
        BANK23           00BA0-00BEF              50           1
        BANK24           00C20-00C6F              50           1
        BANK25           00CA0-00CEF              50           1
        BANK26           00D20-00D6F              50           1
        BANK27           00DA0-00DEF              50           1
        BANK28           00E20-00E6F              50           1
        BANK29           00EA0-00EEF              50           1
        BANK3            001A0-001EF              50           1
        BANK30           00F20-00F6F              50           1
        BANK31           00FA0-00FEF              50           1
        BANK32           01020-0106F              50           1
        BANK33           010A0-010EF              50           1
        BANK34           01120-0116F              50           1
        BANK35           011A0-011EF              50           1
        BANK36           01220-0126F              50           1
        BANK37           012A0-012EF              50           1
        BANK38           01320-0136F              50           1
        BANK39           013A0-013EF              50           1
        BANK4            00220-0026F              50           1
        BANK40           01420-0146F              50           1
        BANK41           014A0-014EF              50           1
        BANK42           01520-0156F              50           1
        BANK43           015A0-015EF              50           1
        BANK44           01620-0166F              50           1
        BANK45           016A0-016EF              50           1
        BANK46           01720-0176F              50           1
        BANK47           017A0-017EF              50           1
        BANK48           01820-0186F              50           1
        BANK49           018A0-018EF              50           1
        BANK5            002A0-002EF              50           1
        BANK50           01920-0196F              50           1
        BANK6            00320-0036F              50           1
        BANK7            003A0-003EF              50           1
        BANK8            00420-0046F              50           1
        BANK9            004A0-004EF              50           1
        BIGRAM           02000-02FEF             FF0           1
        CODE             00800-009FB             1FC           2
                         01044-07FFF             800
        CONST            00800-009FB             100           2
                         01044-07FFF             100
        EEDATA           0F000-0F0FF             100           2
        ENTRY            00800-009FB             100           2
                         01044-07FFF             100
        RAM              000EE-000EF               2           1
                         00140-0016F              30
                         001A0-001EF              50
                         00220-0026F              50
                         002A0-002EF              50
                         00320-0036F              50
                         003A0-003EF              50
                         00420-0046F              50
                         004A0-004EF              50
                         00520-0056F              50
                         005A0-005EF              50
                         00620-0066F              50
                         006A0-006EF              50
                         00720-0076F              50
                         007A0-007EF              50
                         00820-0086F              50
                         008A0-008EF              50
                         00920-0096F              50
                         009A0-009EF              50
                         00A20-00A6F              50
                         00AA0-00AEF              50
                         00B20-00B6F              50
                         00BA0-00BEF              50
                         00C20-00C6F              50
                         00CA0-00CEF              50
                         00D20-00D6F              50
                         00DA0-00DEF              50
                         00E20-00E6F              50
                         00EA0-00EEF              50
                         00F20-00F6F              50
                         00FA0-00FEF              50
                         01020-0106F              50
                         010A0-010EF              50
                         01120-0116F              50
                         011A0-011EF              50
                         01220-0126F              50
                         012A0-012EF              50
                         01320-0136F              50
                         013A0-013EF              50
                         01420-0146F              50
                         014A0-014EF              50
                         01520-0156F              50
                         015A0-015EF              50
                         01620-0166F              50
                         016A0-016EF              50
                         01720-0176F              50
                         017A0-017EF              50
                         01820-0186F              50
                         018A0-018EF              50
                         01920-0196F              50
        SFR0             00000-0001F              20           1
        SFR1             00080-0009F              20           1
        SFR10            00500-0051F              20           1
        SFR11            00580-0059F              20           1
        SFR12            00600-0061F              20           1
        SFR13            00680-0069F              20           1
        SFR14            00700-0071F              20           1
        SFR15            00780-0079F              20           1
        SFR16            00800-0081F              20           1
        SFR17            00880-0089F              20           1
        SFR18            00900-0091F              20           1
        SFR19            00980-0099F              20           1
        SFR2             00100-0011F              20           1
        SFR20            00A00-00A1F              20           1
        SFR21            00A80-00A9F              20           1
        SFR22            00B00-00B1F              20           1
        SFR23            00B80-00B9F              20           1
        SFR24            00C00-00C1F              20           1
        SFR25            00C80-00C9F              20           1
        SFR26            00D00-00D1F              20           1
        SFR27            00D80-00D9F              20           1
        SFR28            00E00-00E1F              20           1
        SFR29            00E80-00E9F              20           1
        SFR3             00180-0019F              20           1
        SFR30            00F00-00F1F              20           1
        SFR31            00F80-00F9F              20           1
        SFR32            01000-0101F              20           1
        SFR33            01080-0109F              20           1
        SFR34            01100-0111F              20           1
        SFR35            01180-0119F              20           1
        SFR36            01200-0121F              20           1
        SFR37            01280-0129F              20           1
        SFR38            01300-0131F              20           1
        SFR39            01380-0139F              20           1
        SFR4             00200-0021F              20           1
        SFR40            01400-0141F              20           1
        SFR41            01480-0149F              20           1
        SFR42            01500-0151F              20           1
        SFR43            01580-0159F              20           1
        SFR44            01600-0161F              20           1
        SFR45            01680-0169F              20           1
        SFR46            01700-0171F              20           1
        SFR47            01780-0179F              20           1
        SFR48            01800-0181F              20           1
        SFR49            01880-0189F              20           1
        SFR5             00280-0029F              20           1
        SFR50            01900-0191F              20           1
        SFR51            01980-019EF              70           1
        SFR52            01A00-01A6F              70           1
        SFR53            01A80-01AEF              70           1
        SFR54            01B00-01B6F              70           1
        SFR55            01B80-01BEF              70           1
        SFR56            01C00-01C6F              70           1
        SFR57            01C80-01CEF              70           1
        SFR58            01D00-01D6F              70           1
        SFR59            01D80-01DEF              70           1
        SFR6             00300-0031F              20           1
        SFR60            01E00-01E6F              70           1
        SFR61            01E80-01EEF              70           1
        SFR62            01F00-01F6F              70           1
        SFR63            01F80-01FEF              70           1
        SFR7             00380-0039F              20           1
        SFR8             00400-0041F              20           1
        SFR9             00480-0049F              20           1
        STACK            020C0-02FEF             F30           1
        STRCODE          00800-009FB             1FC           2
                         01044-07FFF            6FBC
        STRING           00800-009FB             100           2
                         01044-07FFF             100

                                  Symbol Table

?_Timer1_Read                   cstackCOMMON 00070
?___aodiv                       cstackBANK0  00020
?___aomod                       cstackBANK0  00020
?___wmul                        cstackCOMMON 00070
?_abs                           cstackCOMMON 00073
?_dtoa                          cstackBANK0  00030
?_pad                           cstackBANK0  00024
?_sample_reading                cstackCOMMON 0007B
?_sprintf                       cstackBANK0  00066
?_strlen                        cstackCOMMON 00070
?_vfpfcnvrt                     cstackBANK0  0004E
?_vfprintf                      cstackBANK0  0005E
I2C_Write@data                  cstackCOMMON 00072
IO_Expander@data                cstackCOMMON 00073
LCD_CMD@CMD                     cstackCOMMON 00077
LCD_Set_Cursor@COL              cstackCOMMON 00078
LCD_Set_Cursor@ROW              cstackCOMMON 0007B
LCD_Write_4Bit@Nibble           cstackCOMMON 00075
LCD_init@lcd_addr               cstackCOMMON 0007A
LCD_write_char@data             cstackCOMMON 00077
LCD_write_string@i              cstackCOMMON 0007B
LCD_write_string@str            cstackCOMMON 00078
PCA_Init@pca_addr               cstackCOMMON 00073
PCA_Init@prescalar              cstackCOMMON 00075
PCA_Servo_Command@n             cstackBANK0  00020
PCA_Servo_Command@offval        cstackBANK0  00021
PCA_Servo_Command@onval         cstackBANK0  00022
PCA_Servo_Command@pos           cstackCOMMON 00078
PCA_Servo_Pos@pos               cstackCOMMON 0007D
PCA_Write@ChannelN              cstackCOMMON 00077
PCA_Write@off                   cstackCOMMON 00075
PCA_Write@on                    cstackCOMMON 00073
Timer1_Read@readVal             cstackCOMMON 00077
Timer1_Read@readValHigh         cstackCOMMON 00079
Timer1_Read@readValLow          cstackCOMMON 0007A
Timer1_Write@timerVal           cstackCOMMON 00070
_ANSELA                         (abs)        01F38
_ANSELB                         (abs)        01F43
_ANSELC                         (abs)        01F4E
_ANSELCbits                     (abs)        01F4E
_ANSELD                         (abs)        01F59
_ANSELE                         (abs)        01F64
_BAUD1CON                       (abs)        0011F
_BackLight_State                dataBANK1    000ED
_I2C_Start                      text49       00A14
_I2C_Stop                       text48       00A1A
_I2C_Wait                       text50       00B9F
_I2C_Write                      text47       00A26
_I2C_init                       text7        00A3B
_INLVLA                         (abs)        01F3C
_INLVLB                         (abs)        01F47
_INLVLC                         (abs)        01F52
_INLVLD                         (abs)        01F5D
_INLVLE                         (abs)        01F68
_INTCONbits                     (abs)        0000B
_IOCAF                          (abs)        01F3F
_IOCAN                          (abs)        01F3E
_IOCAP                          (abs)        01F3D
_IOCBF                          (abs)        01F4A
_IOCBN                          (abs)        01F49
_IOCBP                          (abs)        01F48
_IOCCF                          (abs)        01F55
_IOCCN                          (abs)        01F54
_IOCCP                          (abs)        01F53
_IOCEF                          (abs)        01F6B
_IOCEN                          (abs)        01F6A
_IOCEP                          (abs)        01F69
_IO_Expander                    text46       00A9C
_LATA                           (abs)        00016
_LATAbits                       (abs)        00016
_LATB                           (abs)        00017
_LATBbits                       (abs)        00017
_LATC                           (abs)        00018
_LATD                           (abs)        00019
_LATE                           (abs)        0001A
_LCD_CMD                        text44       00AC4
_LCD_Set_Cursor                 text25       00C65
_LCD_Write_4Bit                 text45       00AAF
_LCD_init                       text43       00ECE
_LCD_write_char                 text24       00007
_LCD_write_string               text23       00B3F
_ODCONA                         (abs)        01F3A
_ODCONB                         (abs)        01F45
_ODCONC                         (abs)        01F50
_ODCOND                         (abs)        01F5B
_ODCONE                         (abs)        01F66
_OSCCON1                        (abs)        0088D
_OSCCON2                        (abs)        0088E
_OSCCON3                        (abs)        0088F
_OSCEN                          (abs)        00891
_OSCFRQ                         (abs)        00893
_OSCSTAT                        (abs)        00890
_OSCTUNE                        (abs)        00892
_PCA_Init                       text42       00CC2
_PCA_Servo_Command              text39       00C93
_PCA_Servo_Pos                  text38       00F51
_PCA_Write                      text41       00C3B
_PIR3bits                       (abs)        0070F
_PIR4bits                       (abs)        00710
_PIR5bits                       (abs)        00711
_PORTBbits                      (abs)        0000D
_RC1STA                         (abs)        0011D
_RC3PPS                         (abs)        01F23
_RC4PPS                         (abs)        01F24
_RC6PPS                         (abs)        01F26
_RS                             bssBANK1     000E2
_RXPPS                          (abs)        01ECB
_SLRCONA                        (abs)        01F3B
_SLRCONB                        (abs)        01F46
_SLRCONC                        (abs)        01F51
_SLRCOND                        (abs)        01F5C
_SLRCONE                        (abs)        01F67
_SP1BRGH                        (abs)        0011C
_SP1BRGL                        (abs)        0011B
_SSP1ADD                        (abs)        0018D
_SSP1BUF                        (abs)        0018C
_SSP1CLKPPS                     (abs)        01EC5
_SSP1CON1                       (abs)        00190
_SSP1CON1bits                   (abs)        00190
_SSP1CON2                       (abs)        00191
_SSP1CON2bits                   (abs)        00191
_SSP1CON3                       (abs)        00192
_SSP1DATPPS                     (abs)        01EC6
_SSP1STAT                       (abs)        0018F
_SSP1STATbits                   (abs)        0018F
_T1CKIPPS                       (abs)        01E92
_T1CLK                          (abs)        00211
_T1CON                          (abs)        0020E
_T1CONbits                      (abs)        0020E
_T1GATE                         (abs)        00210
_T1GCON                         (abs)        0020F
_T1GPPS                         (abs)        01E93
_TMR1H                          (abs)        0020D
_TMR1L                          (abs)        0020C
_TRISA                          (abs)        00011
_TRISB                          (abs)        00012
_TRISBbits                      (abs)        00012
_TRISC                          (abs)        00013
_TRISCbits                      (abs)        00013
_TRISD                          (abs)        00014
_TRISE                          (abs)        00015
_TX1REG                         (abs)        0011A
_TX1STA                         (abs)        0011E
_Timer1_Initialize              text6        00A4A
_Timer1_Read                    text31       00B22
_Timer1_Start                   text30       009FE
_Timer1_Stop                    text29       00A01
_Timer1_Write                   text28       00A79
_WPUA                           (abs)        01F39
_WPUB                           (abs)        01F44
_WPUC                           (abs)        01F4F
_WPUD                           (abs)        01F5A
_WPUE                           (abs)        01F65
__Habs1                         abs1         00000
__Hbank0                        bank0        00000
__Hbank1                        bank1        00000
__Hbank10                       bank10       00000
__Hbank11                       bank11       00000
__Hbank12                       bank12       00000
__Hbank13                       bank13       00000
__Hbank14                       bank14       00000
__Hbank15                       bank15       00000
__Hbank16                       bank16       00000
__Hbank17                       bank17       00000
__Hbank18                       bank18       00000
__Hbank19                       bank19       00000
__Hbank2                        bank2        00000
__Hbank20                       bank20       00000
__Hbank21                       bank21       00000
__Hbank22                       bank22       00000
__Hbank23                       bank23       00000
__Hbank24                       bank24       00000
__Hbank25                       bank25       00000
__Hbank26                       bank26       00000
__Hbank27                       bank27       00000
__Hbank28                       bank28       00000
__Hbank29                       bank29       00000
__Hbank3                        bank3        00000
__Hbank30                       bank30       00000
__Hbank31                       bank31       00000
__Hbank32                       bank32       00000
__Hbank33                       bank33       00000
__Hbank34                       bank34       00000
__Hbank35                       bank35       00000
__Hbank36                       bank36       00000
__Hbank37                       bank37       00000
__Hbank38                       bank38       00000
__Hbank39                       bank39       00000
__Hbank4                        bank4        00000
__Hbank40                       bank40       00000
__Hbank41                       bank41       00000
__Hbank42                       bank42       00000
__Hbank43                       bank43       00000
__Hbank44                       bank44       00000
__Hbank45                       bank45       00000
__Hbank46                       bank46       00000
__Hbank47                       bank47       00000
__Hbank48                       bank48       00000
__Hbank49                       bank49       00000
__Hbank5                        bank5        00000
__Hbank50                       bank50       00000
__Hbank51                       bank51       00000
__Hbank52                       bank52       00000
__Hbank53                       bank53       00000
__Hbank54                       bank54       00000
__Hbank55                       bank55       00000
__Hbank56                       bank56       00000
__Hbank57                       bank57       00000
__Hbank58                       bank58       00000
__Hbank59                       bank59       00000
__Hbank6                        bank6        00000
__Hbank60                       bank60       00000
__Hbank61                       bank61       00000
__Hbank62                       bank62       00000
__Hbank63                       bank63       00000
__Hbank7                        bank7        00000
__Hbank8                        bank8        00000
__Hbank9                        bank9        00000
__Hbigram                       bigram       00000
__HbssBANK1                     bssBANK1     00000
__HbssBANK2                     bssBANK2     00000
__Hcinit                        cinit        00800
__Hclrtext                      clrtext      00000
__Hcode                         code         00000
__Hcommon                       common       00000
__Hconfig                       config       0800C
__HcstackBANK0                  cstackBANK0  00000
__HcstackBANK1                  cstackBANK1  00000
__HcstackCOMMON                 cstackCOMMON 00000
__HdataBANK1                    dataBANK1    00000
__Heeprom_data                  eeprom_data  00000
__Hend_init                     end_init     00004
__Hfunctab                      functab      00000
__HidataBANK1                   idataBANK1   00000
__Hidloc                        idloc        08004
__Hinit                         init         00002
__Hintentry                     intentry     00002
__Hmaintext                     maintext     00000
__HnvBANK1                      nvBANK1      00000
__Hpowerup                      powerup      00000
__Hram                          ram          00000
__Hreset_vec                    reset_vec    00002
__Hsfr0                         sfr0         00000
__Hsfr1                         sfr1         00000
__Hsfr10                        sfr10        00000
__Hsfr11                        sfr11        00000
__Hsfr12                        sfr12        00000
__Hsfr13                        sfr13        00000
__Hsfr14                        sfr14        00000
__Hsfr15                        sfr15        00000
__Hsfr16                        sfr16        00000
__Hsfr17                        sfr17        00000
__Hsfr18                        sfr18        00000
__Hsfr19                        sfr19        00000
__Hsfr2                         sfr2         00000
__Hsfr20                        sfr20        00000
__Hsfr21                        sfr21        00000
__Hsfr22                        sfr22        00000
__Hsfr23                        sfr23        00000
__Hsfr24                        sfr24        00000
__Hsfr25                        sfr25        00000
__Hsfr26                        sfr26        00000
__Hsfr27                        sfr27        00000
__Hsfr28                        sfr28        00000
__Hsfr29                        sfr29        00000
__Hsfr3                         sfr3         00000
__Hsfr30                        sfr30        00000
__Hsfr31                        sfr31        00000
__Hsfr32                        sfr32        00000
__Hsfr33                        sfr33        00000
__Hsfr34                        sfr34        00000
__Hsfr35                        sfr35        00000
__Hsfr36                        sfr36        00000
__Hsfr37                        sfr37        00000
__Hsfr38                        sfr38        00000
__Hsfr39                        sfr39        00000
__Hsfr4                         sfr4         00000
__Hsfr40                        sfr40        00000
__Hsfr41                        sfr41        00000
__Hsfr42                        sfr42        00000
__Hsfr43                        sfr43        00000
__Hsfr44                        sfr44        00000
__Hsfr45                        sfr45        00000
__Hsfr46                        sfr46        00000
__Hsfr47                        sfr47        00000
__Hsfr48                        sfr48        00000
__Hsfr49                        sfr49        00000
__Hsfr5                         sfr5         00000
__Hsfr50                        sfr50        00000
__Hsfr51                        sfr51        00000
__Hsfr52                        sfr52        00000
__Hsfr53                        sfr53        00000
__Hsfr54                        sfr54        00000
__Hsfr55                        sfr55        00000
__Hsfr56                        sfr56        00000
__Hsfr57                        sfr57        00000
__Hsfr58                        sfr58        00000
__Hsfr59                        sfr59        00000
__Hsfr6                         sfr6         00000
__Hsfr60                        sfr60        00000
__Hsfr61                        sfr61        00000
__Hsfr62                        sfr62        00000
__Hsfr63                        sfr63        00000
__Hsfr7                         sfr7         00000
__Hsfr8                         sfr8         00000
__Hsfr9                         sfr9         00000
__Hspace_0                      (abs)        01044
__Hspace_1                      (abs)        00140
__Hspace_2                      (abs)        00000
__Hspace_3                      (abs)        00000
__Hspace_4                      (abs)        10013
__Hstack                        stack        00000
__Hstrings                      strings      00000
__Hstringtext1                  stringtext1  00000
__Hstringtext2                  stringtext2  00000
__Hstringtext3                  stringtext3  00000
__Hstringtext4                  stringtext4  00000
__Hstringtext5                  stringtext5  00000
__Htext                         text         00000
__Labs1                         abs1         00000
__Lbank0                        bank0        00000
__Lbank1                        bank1        00000
__Lbank10                       bank10       00000
__Lbank11                       bank11       00000
__Lbank12                       bank12       00000
__Lbank13                       bank13       00000
__Lbank14                       bank14       00000
__Lbank15                       bank15       00000
__Lbank16                       bank16       00000
__Lbank17                       bank17       00000
__Lbank18                       bank18       00000
__Lbank19                       bank19       00000
__Lbank2                        bank2        00000
__Lbank20                       bank20       00000
__Lbank21                       bank21       00000
__Lbank22                       bank22       00000
__Lbank23                       bank23       00000
__Lbank24                       bank24       00000
__Lbank25                       bank25       00000
__Lbank26                       bank26       00000
__Lbank27                       bank27       00000
__Lbank28                       bank28       00000
__Lbank29                       bank29       00000
__Lbank3                        bank3        00000
__Lbank30                       bank30       00000
__Lbank31                       bank31       00000
__Lbank32                       bank32       00000
__Lbank33                       bank33       00000
__Lbank34                       bank34       00000
__Lbank35                       bank35       00000
__Lbank36                       bank36       00000
__Lbank37                       bank37       00000
__Lbank38                       bank38       00000
__Lbank39                       bank39       00000
__Lbank4                        bank4        00000
__Lbank40                       bank40       00000
__Lbank41                       bank41       00000
__Lbank42                       bank42       00000
__Lbank43                       bank43       00000
__Lbank44                       bank44       00000
__Lbank45                       bank45       00000
__Lbank46                       bank46       00000
__Lbank47                       bank47       00000
__Lbank48                       bank48       00000
__Lbank49                       bank49       00000
__Lbank5                        bank5        00000
__Lbank50                       bank50       00000
__Lbank51                       bank51       00000
__Lbank52                       bank52       00000
__Lbank53                       bank53       00000
__Lbank54                       bank54       00000
__Lbank55                       bank55       00000
__Lbank56                       bank56       00000
__Lbank57                       bank57       00000
__Lbank58                       bank58       00000
__Lbank59                       bank59       00000
__Lbank6                        bank6        00000
__Lbank60                       bank60       00000
__Lbank61                       bank61       00000
__Lbank62                       bank62       00000
__Lbank63                       bank63       00000
__Lbank7                        bank7        00000
__Lbank8                        bank8        00000
__Lbank9                        bank9        00000
__Lbigram                       bigram       00000
__LbssBANK1                     bssBANK1     00000
__LbssBANK2                     bssBANK2     00000
__Lcinit                        cinit        007E8
__Lclrtext                      clrtext      00000
__Lcode                         code         00000
__Lcommon                       common       00000
__Lconfig                       config       00000
__LcstackBANK0                  cstackBANK0  00000
__LcstackBANK1                  cstackBANK1  00000
__LcstackCOMMON                 cstackCOMMON 00000
__LdataBANK1                    dataBANK1    00000
__Leeprom_data                  eeprom_data  00000
__Lend_init                     end_init     00002
__Lfunctab                      functab      00000
__LidataBANK1                   idataBANK1   00000
__Lidloc                        idloc        00000
__Linit                         init         00002
__Lintentry                     intentry     00002
__Lmaintext                     maintext     00000
__LnvBANK1                      nvBANK1      00000
__Lpowerup                      powerup      00000
__Lram                          ram          00000
__Lreset_vec                    reset_vec    00000
__Lsfr0                         sfr0         00000
__Lsfr1                         sfr1         00000
__Lsfr10                        sfr10        00000
__Lsfr11                        sfr11        00000
__Lsfr12                        sfr12        00000
__Lsfr13                        sfr13        00000
__Lsfr14                        sfr14        00000
__Lsfr15                        sfr15        00000
__Lsfr16                        sfr16        00000
__Lsfr17                        sfr17        00000
__Lsfr18                        sfr18        00000
__Lsfr19                        sfr19        00000
__Lsfr2                         sfr2         00000
__Lsfr20                        sfr20        00000
__Lsfr21                        sfr21        00000
__Lsfr22                        sfr22        00000
__Lsfr23                        sfr23        00000
__Lsfr24                        sfr24        00000
__Lsfr25                        sfr25        00000
__Lsfr26                        sfr26        00000
__Lsfr27                        sfr27        00000
__Lsfr28                        sfr28        00000
__Lsfr29                        sfr29        00000
__Lsfr3                         sfr3         00000
__Lsfr30                        sfr30        00000
__Lsfr31                        sfr31        00000
__Lsfr32                        sfr32        00000
__Lsfr33                        sfr33        00000
__Lsfr34                        sfr34        00000
__Lsfr35                        sfr35        00000
__Lsfr36                        sfr36        00000
__Lsfr37                        sfr37        00000
__Lsfr38                        sfr38        00000
__Lsfr39                        sfr39        00000
__Lsfr4                         sfr4         00000
__Lsfr40                        sfr40        00000
__Lsfr41                        sfr41        00000
__Lsfr42                        sfr42        00000
__Lsfr43                        sfr43        00000
__Lsfr44                        sfr44        00000
__Lsfr45                        sfr45        00000
__Lsfr46                        sfr46        00000
__Lsfr47                        sfr47        00000
__Lsfr48                        sfr48        00000
__Lsfr49                        sfr49        00000
__Lsfr5                         sfr5         00000
__Lsfr50                        sfr50        00000
__Lsfr51                        sfr51        00000
__Lsfr52                        sfr52        00000
__Lsfr53                        sfr53        00000
__Lsfr54                        sfr54        00000
__Lsfr55                        sfr55        00000
__Lsfr56                        sfr56        00000
__Lsfr57                        sfr57        00000
__Lsfr58                        sfr58        00000
__Lsfr59                        sfr59        00000
__Lsfr6                         sfr6         00000
__Lsfr60                        sfr60        00000
__Lsfr61                        sfr61        00000
__Lsfr62                        sfr62        00000
__Lsfr63                        sfr63        00000
__Lsfr7                         sfr7         00000
__Lsfr8                         sfr8         00000
__Lsfr9                         sfr9         00000
__Lspace_0                      (abs)        00000
__Lspace_1                      (abs)        00000
__Lspace_2                      (abs)        00000
__Lspace_3                      (abs)        00000
__Lspace_4                      (abs)        00000
__Lstack                        stack        00000
__Lstrings                      strings      00000
__Lstringtext1                  stringtext1  00000
__Lstringtext2                  stringtext2  00000
__Lstringtext3                  stringtext3  00000
__Lstringtext4                  stringtext4  00000
__Lstringtext5                  stringtext5  00000
__Ltext                         text         00000
__S0                            (abs)        01044
__S1                            (abs)        00140
__S2                            (abs)        00000
__S3                            (abs)        00000
___aodiv                        text22       00267
___aodiv@counter                cstackCOMMON 00071
___aodiv@dividend               cstackBANK0  00028
___aodiv@divisor                cstackBANK0  00020
___aodiv@quotient               cstackCOMMON 00073
___aodiv@sign                   cstackCOMMON 00072
___aomod                        text21       0017D
___aomod@counter                cstackCOMMON 00071
___aomod@dividend               cstackBANK0  00028
___aomod@divisor                cstackBANK0  00020
___aomod@sign                   cstackCOMMON 00072
___bmul                         text40       00AD9
___bmul@multiplicand            cstackCOMMON 00070
___bmul@multiplier              cstackCOMMON 00073
___bmul@product                 cstackCOMMON 00072
___int_sp                       stack        00000
___latbits                      (abs)        00004
___sp                           stack        00000
___stackhi                      (abs)        02FEF
___stacklo                      (abs)        020C0
___wmul                         text37       00B5C
___wmul@multiplicand            cstackCOMMON 00072
___wmul@multiplier              cstackCOMMON 00070
___wmul@product                 cstackCOMMON 00074
__end_of_I2C_Start              text49       00A1A
__end_of_I2C_Stop               text48       00A20
__end_of_I2C_Wait               text50       00BC5
__end_of_I2C_Write              text47       00A2E
__end_of_I2C_init               text7        00A4A
__end_of_IO_Expander            text46       00AAF
__end_of_LCD_CMD                text44       00AD9
__end_of_LCD_Set_Cursor         text25       00C93
__end_of_LCD_Write_4Bit         text45       00AC4
__end_of_LCD_init               text43       00F51
__end_of_LCD_write_char         text24       0001D
__end_of_LCD_write_string       text23       00B5C
__end_of_PCA_Init               text42       00CF2
__end_of_PCA_Servo_Command      text39       00CC2
__end_of_PCA_Servo_Pos          text38       01000
__end_of_PCA_Write              text41       00C65
__end_of_Timer1_Initialize      text6        00A59
__end_of_Timer1_Read            text31       00B3F
__end_of_Timer1_Start           text30       00A01
__end_of_Timer1_Stop            text29       00A04
__end_of_Timer1_Write           text28       00A8A
__end_of___aodiv                text22       00368
__end_of___aomod                text21       00267
__end_of___bmul                 text40       00AEE
__end_of___wmul                 text37       00B7B
__end_of__initialization        cinit        007FD
__end_of_abs                    text20       00B08
__end_of_clock_init             text5        00A3B
__end_of_color_compare_return   text36       007E8
__end_of_dtoa                   text14       004D8
__end_of_filter_blue            text35       00A08
__end_of_filter_clear           text34       00A0C
__end_of_filter_green           text33       00A10
__end_of_filter_red             text32       00A14
__end_of_find_color             text26       00ECE
__end_of_fputc                  text18       00DB6
__end_of_fputs                  text17       00C3B
__end_of_int_init               text4        00007
__end_of_main                   maintext     00D67
__end_of_pad                    text15       00E0F
__end_of_pin_init               text3        00E6A
__end_of_print_color_quantity   text10       000A2
__end_of_print_welcome_message  text9        00C12
__end_of_putch                  text19       009FD
__end_of_sample_reading         text27       00BEB
__end_of_sensor_init            text8        00A69
__end_of_sprintf                text11       00B9F
__end_of_strlen                 text16       00B22
__end_of_system_init            text2        00A79
__end_of_uart_init              text1        00A9C
__end_of_vfpfcnvrt              text13       0017D
__end_of_vfprintf               text12       00D23
__initialization                cinit        007E8
__pbssBANK1                     bssBANK1     000DA
__pbssBANK2                     bssBANK2     00120
__pcstackBANK0                  cstackBANK0  00020
__pcstackBANK1                  cstackBANK1  000A0
__pcstackCOMMON                 cstackCOMMON 00070
__pdataBANK1                    dataBANK1    000ED
__pidataBANK1                   idataBANK1   009FD
__pmaintext                     maintext     00D23
__pnvBANK1                      nvBANK1      000EC
__pstringtext1                  stringtext1  01000
__pstringtext2                  stringtext2  01017
__pstringtext3                  stringtext3  01029
__pstringtext4                  stringtext4  0103A
__pstringtext5                  stringtext5  00000
__ptext1                        text1        00A8A
__ptext10                       text10       0001D
__ptext11                       text11       00B7B
__ptext12                       text12       00CF2
__ptext13                       text13       000A2
__ptext14                       text14       00368
__ptext15                       text15       00DB6
__ptext16                       text16       00B08
__ptext17                       text17       00C12
__ptext18                       text18       00D67
__ptext19                       text19       009FC
__ptext2                        text2        00A69
__ptext20                       text20       00AEE
__ptext21                       text21       0017D
__ptext22                       text22       00267
__ptext23                       text23       00B3F
__ptext24                       text24       00007
__ptext25                       text25       00C65
__ptext26                       text26       00E6A
__ptext27                       text27       00BC5
__ptext28                       text28       00A79
__ptext29                       text29       00A01
__ptext3                        text3        00E0F
__ptext30                       text30       009FE
__ptext31                       text31       00B22
__ptext32                       text32       00A10
__ptext33                       text33       00A0C
__ptext34                       text34       00A08
__ptext35                       text35       00A04
__ptext36                       text36       004D8
__ptext37                       text37       00B5C
__ptext38                       text38       00F51
__ptext39                       text39       00C93
__ptext4                        text4        00004
__ptext40                       text40       00AD9
__ptext41                       text41       00C3B
__ptext42                       text42       00CC2
__ptext43                       text43       00ECE
__ptext44                       text44       00AC4
__ptext45                       text45       00AAF
__ptext46                       text46       00A9C
__ptext47                       text47       00A26
__ptext48                       text48       00A1A
__ptext49                       text49       00A14
__ptext5                        text5        00A2E
__ptext50                       text50       00B9F
__ptext6                        text6        00A4A
__ptext7                        text7        00A3B
__ptext8                        text8        00A59
__ptext9                        text9        00BEB
__size_of_I2C_Start             (abs)        00000
__size_of_I2C_Stop              (abs)        00000
__size_of_I2C_Wait              (abs)        00000
__size_of_I2C_Write             (abs)        00000
__size_of_I2C_init              (abs)        00000
__size_of_IO_Expander           (abs)        00000
__size_of_LCD_CMD               (abs)        00000
__size_of_LCD_Set_Cursor        (abs)        00000
__size_of_LCD_Write_4Bit        (abs)        00000
__size_of_LCD_init              (abs)        00000
__size_of_LCD_write_char        (abs)        00000
__size_of_LCD_write_string      (abs)        00000
__size_of_PCA_Init              (abs)        00000
__size_of_PCA_Servo_Command     (abs)        00000
__size_of_PCA_Servo_Pos         (abs)        00000
__size_of_PCA_Write             (abs)        00000
__size_of_Timer1_Initialize     (abs)        00000
__size_of_Timer1_Read           (abs)        00000
__size_of_Timer1_Start          (abs)        00000
__size_of_Timer1_Stop           (abs)        00000
__size_of_Timer1_Write          (abs)        00000
__size_of___aodiv               (abs)        00000
__size_of___aomod               (abs)        00000
__size_of___bmul                (abs)        00000
__size_of___wmul                (abs)        00000
__size_of_abs                   (abs)        00000
__size_of_clock_init            (abs)        00000
__size_of_color_compare_return  (abs)        00000
__size_of_dtoa                  (abs)        00000
__size_of_filter_blue           (abs)        00000
__size_of_filter_clear          (abs)        00000
__size_of_filter_green          (abs)        00000
__size_of_filter_red            (abs)        00000
__size_of_find_color            (abs)        00000
__size_of_fputc                 (abs)        00000
__size_of_fputs                 (abs)        00000
__size_of_int_init              (abs)        00000
__size_of_main                  (abs)        00000
__size_of_pad                   (abs)        00000
__size_of_pin_init              (abs)        00000
__size_of_print_color_quantity  (abs)        00000
__size_of_print_welcome_message (abs)        00000
__size_of_putch                 (abs)        00000
__size_of_sample_reading        (abs)        00000
__size_of_sensor_init           (abs)        00000
__size_of_sprintf               (abs)        00000
__size_of_strlen                (abs)        00000
__size_of_system_init           (abs)        00000
__size_of_uart_init             (abs)        00000
__size_of_vfpfcnvrt             (abs)        00000
__size_of_vfprintf              (abs)        00000
_abs                            text20       00AEE
_black_bead                     bssBANK1     000E7
_blue_bead                      bssBANK1     000E8
_brown_bead                     bssBANK1     000E5
_clock_init                     text5        00A2E
_color_compare_return           text36       004D8
_dbuf                           bssBANK2     00120
_dtoa                           text14       00368
_dtoa$1596                      cstackBANK0  0003B
_filter_blue                    text35       00A04
_filter_clear                   text34       00A08
_filter_green                   text33       00A0C
_filter_red                     text32       00A10
_find_color                     text26       00E6A
_flags                          bssBANK1     000E0
_fputc                          text18       00D67
_fputs                          text17       00C12
_green_bead                     bssBANK1     000E9
_int_init                       text4        00004
_lcd_address                    bssBANK1     000E3
_main                           maintext     00D23
_nout                           bssBANK1     000DA
_pad                            text15       00DB6
_pca_address                    nvBANK1      000EC
_pin_init                       text3        00E0F
_prec                           bssBANK1     000DE
_print_color_quantity           text10       0001D
_print_welcome_message          text9        00BEB
_putch                          text19       009FC
_red_bead                       bssBANK1     000EA
_sample_reading                 text27       00BC5
_sensor_init                    text8        00A59
_sprintf                        text11       00B7B
_strlen                         text16       00B08
_system_init                    text2        00A69
_uart_init                      text1        00A8A
_unsort_bead                    bssBANK1     000E4
_vfpfcnvrt                      text13       000A2
_vfprintf                       text12       00CF2
_white_bead                     bssBANK1     000E6
_width                          bssBANK1     000DC
_yellow_bead                    bssBANK1     000EB
abs@a                           cstackCOMMON 00073
btemp                           (abs)        0007E
clear_ram0                      clrtext      00A20
color_compare_return@a          cstackBANK0  00021
color_compare_return@b          cstackBANK0  00023
color_compare_return@blue       cstackCOMMON 0007A
color_compare_return@c          cstackBANK0  00025
color_compare_return@clear      cstackCOMMON 0007C
color_compare_return@d          cstackBANK0  00027
color_compare_return@green      cstackCOMMON 00078
color_compare_return@red        cstackCOMMON 00076
dtoa@d                          cstackBANK0  00030
dtoa@fp                         cstackBANK0  0003D
dtoa@i                          cstackBANK0  0004C
dtoa@n                          cstackBANK0  00044
dtoa@p                          cstackBANK0  0003E
dtoa@s                          cstackBANK0  00042
dtoa@w                          cstackBANK0  00040
end_of_initialization           cinit        007FD
find_color@blue                 cstackBANK0  0002E
find_color@clear                cstackBANK0  00030
find_color@green                cstackBANK0  0002C
find_color@red                  cstackBANK0  0002A
fputc@c                         cstackCOMMON 00070
fputc@fp                        cstackCOMMON 00072
fputs@c                         cstackBANK0  00020
fputs@fp                        cstackCOMMON 00078
fputs@i                         cstackBANK0  00021
fputs@s                         cstackBANK0  00023
intlevel0                       functab      00000
intlevel1                       functab      00000
intlevel2                       functab      00000
intlevel3                       functab      00000
intlevel4                       functab      00000
intlevel5                       functab      00000
main@curr_col                   cstackBANK1  000D9
pad@buf                         cstackBANK0  00024
pad@fp                          cstackBANK0  0002B
pad@i                           cstackBANK0  00027
pad@p                           cstackBANK0  00025
pad@w                           cstackBANK0  00029
print_color_quantity@strbuff    cstackBANK1  000AF
reset_vec                       reset_vec    00000
sprintf@ap                      cstackBANK1  000A0
sprintf@f                       cstackBANK1  000A2
sprintf@fmt                     cstackBANK0  00066
sprintf@s                       cstackBANK1  000A1
start                           init         00002
start_initialization            cinit        007E8
strlen@a                        cstackCOMMON 00073
strlen@s                        cstackCOMMON 00074
vfpfcnvrt@ap                    cstackBANK0  0004F
vfpfcnvrt@fmt                   cstackBANK0  0004E
vfpfcnvrt@fp                    cstackBANK0  0005D
vfpfcnvrt@ll                    cstackBANK0  00055
vfprintf@ap                     cstackBANK0  00060
vfprintf@cfmt                   cstackBANK0  00064
vfprintf@fmt                    cstackBANK0  0005E
vfprintf@fp                     cstackBANK0  00063
wtemp0                          (abs)        0007E


MODULE INFORMATION

Module		Function		Class		Link	Load	Size
C:\Program Files\Microchip\xc8\v2.32\pic\sources\c99\common\nf_sprintf.c
		_sprintf       		CODE           	0B7B	0000	36

C:\Program Files\Microchip\xc8\v2.32\pic\sources\c99\common\nf_sprintf.c estimated size: 36

system_init.c
		_clock_init    		CODE           	0A2E	0000	13
		_system_init   		CODE           	0A69	0000	16
		_pin_init      		CODE           	0E0F	0000	91
		_int_init      		CODE           	0004	0000	3

system_init.c estimated size: 123

PCA9685_driver.c
		_PCA_Write     		CODE           	0C3B	0000	42
		_PCA_Init      		CODE           	0CC2	0000	48

PCA9685_driver.c estimated size: 90

C:\Program Files\Microchip\xc8\v2.32\pic\sources\c99\common\doprnt.c
		_vfpfcnvrt     		CODE           	00A2	0000	219
		_pad           		CODE           	0DB6	0000	89
		_dtoa          		CODE           	0368	0000	368
		_vfprintf      		CODE           	0CF2	0000	49

C:\Program Files\Microchip\xc8\v2.32\pic\sources\c99\common\doprnt.c estimated size: 725

uart.c
		_uart_init     		CODE           	0A8A	0000	18

uart.c estimated size: 18

litaflokkari.c
		_color_compare_return		CODE           	04D8	0000	784
		_print_welcome_message		CODE           	0BEB	0000	39
		_print_color_quantity		CODE           	001D	0000	133
		_find_color    		CODE           	0E6A	0000	100
		_PCA_Servo_Pos 		CODE           	0F51	0000	175
		_PCA_Servo_Command		CODE           	0C93	0000	47

litaflokkari.c estimated size: 1278

I2C_MSSP1_driver.c
		_I2C_init      		CODE           	0A3B	0000	15
		_I2C_Write     		CODE           	0A26	0000	8
		_I2C_Stop      		CODE           	0A1A	0000	6
		_I2C_Wait      		CODE           	0B9F	0000	38
		_I2C_Start     		CODE           	0A14	0000	6

I2C_MSSP1_driver.c estimated size: 73

newmain.c
		_main          		CODE           	0D23	0000	68

newmain.c estimated size: 68

C:\Program Files\Microchip\xc8\v2.32\pic\sources\c99\common\nf_fputs.c
		_fputs         		CODE           	0C12	0000	41

C:\Program Files\Microchip\xc8\v2.32\pic\sources\c99\common\nf_fputs.c estimated size: 41

C:\Program Files\Microchip\xc8\v2.32\pic\sources\c99\common\putch.c
		_putch         		CODE           	09FC	0000	1

C:\Program Files\Microchip\xc8\v2.32\pic\sources\c99\common\putch.c estimated size: 1

C:\Program Files\Microchip\xc8\v2.32\pic\sources\c99\common\Umul16.c
		___wmul        		CODE           	0B5C	0000	31

C:\Program Files\Microchip\xc8\v2.32\pic\sources\c99\common\Umul16.c estimated size: 31

C:\Program Files\Microchip\xc8\v2.32\pic\sources\c99\common\abs.c
		_abs           		CODE           	0AEE	0000	26

C:\Program Files\Microchip\xc8\v2.32\pic\sources\c99\common\abs.c estimated size: 26

C:\Program Files\Microchip\xc8\v2.32\pic\sources\c99\common\aomod.c
		___aomod       		CODE           	017D	0000	234

C:\Program Files\Microchip\xc8\v2.32\pic\sources\c99\common\aomod.c estimated size: 234

shared
		__initialization		CODE           	07E8	0000	21

shared estimated size: 21

C:\Program Files\Microchip\xc8\v2.32\pic\sources\c99\common\nf_fputc.c
		_fputc         		CODE           	0D67	0000	79

C:\Program Files\Microchip\xc8\v2.32\pic\sources\c99\common\nf_fputc.c estimated size: 79

timer1.c
		_Timer1_Read   		CODE           	0B22	0000	29
		_Timer1_Stop   		CODE           	0A01	0000	3
		_Timer1_Write  		CODE           	0A79	0000	17
		_Timer1_Start  		CODE           	09FE	0000	3
		_Timer1_Initialize		CODE           	0A4A	0000	15

timer1.c estimated size: 67

tcs3200.c
		_filter_blue   		CODE           	0A04	0000	4
		_filter_green  		CODE           	0A0C	0000	4
		_filter_clear  		CODE           	0A08	0000	4
		_sample_reading		CODE           	0BC5	0000	38
		_sensor_init   		CODE           	0A59	0000	16
		_filter_red    		CODE           	0A10	0000	4

tcs3200.c estimated size: 70

C:\Program Files\Microchip\xc8\v2.32\pic\sources\c99\common\aodiv.c
		___aodiv       		CODE           	0267	0000	257

C:\Program Files\Microchip\xc8\v2.32\pic\sources\c99\common\aodiv.c estimated size: 257

C:\Program Files\Microchip\xc8\v2.32\pic\sources\c99\common\Umul8.c
		___bmul        		CODE           	0AD9	0000	21

C:\Program Files\Microchip\xc8\v2.32\pic\sources\c99\common\Umul8.c estimated size: 21

C:\Program Files\Microchip\xc8\v2.32\pic\sources\c99\common\strlen.c
		_strlen        		CODE           	0B08	0000	26

C:\Program Files\Microchip\xc8\v2.32\pic\sources\c99\common\strlen.c estimated size: 26

LCD.c
		_LCD_Write_4Bit		CODE           	0AAF	0000	21
		_LCD_CMD       		CODE           	0AC4	0000	21
		_LCD_write_string		CODE           	0B3F	0000	29
		_IO_Expander   		CODE           	0A9C	0000	19
		_LCD_Set_Cursor		CODE           	0C65	0000	46
		_LCD_init      		CODE           	0ECE	0000	131
		_LCD_write_char		CODE           	0007	0000	22

LCD.c estimated size: 289

